Archive member included to satisfy reference by file (symbol)

c:/st/stm32cubeide_1.4.0/stm32cubeide/plugins/com.st.stm32cube.ide.mcu.externaltools.gnu-tools-for-stm32.7-2018-q2-update.win32_1.4.0.202007081208/tools/bin/../lib/gcc/arm-none-eabi/7.3.1/../../../../arm-none-eabi/lib/thumb/v7e-m/fpv4-sp/hard\libc_nano.a(lib_a-atoi.o)
                              Core/Src/main.o (atoi)
c:/st/stm32cubeide_1.4.0/stm32cubeide/plugins/com.st.stm32cube.ide.mcu.externaltools.gnu-tools-for-stm32.7-2018-q2-update.win32_1.4.0.202007081208/tools/bin/../lib/gcc/arm-none-eabi/7.3.1/../../../../arm-none-eabi/lib/thumb/v7e-m/fpv4-sp/hard\libc_nano.a(lib_a-errno.o)
                              Core/Src/syscalls.o (__errno)
c:/st/stm32cubeide_1.4.0/stm32cubeide/plugins/com.st.stm32cube.ide.mcu.externaltools.gnu-tools-for-stm32.7-2018-q2-update.win32_1.4.0.202007081208/tools/bin/../lib/gcc/arm-none-eabi/7.3.1/../../../../arm-none-eabi/lib/thumb/v7e-m/fpv4-sp/hard\libc_nano.a(lib_a-exit.o)
                              c:/st/stm32cubeide_1.4.0/stm32cubeide/plugins/com.st.stm32cube.ide.mcu.externaltools.gnu-tools-for-stm32.7-2018-q2-update.win32_1.4.0.202007081208/tools/bin/../lib/gcc/arm-none-eabi/7.3.1/../../../../arm-none-eabi/lib/thumb/v7e-m/fpv4-sp/hard/crt0.o (exit)
c:/st/stm32cubeide_1.4.0/stm32cubeide/plugins/com.st.stm32cube.ide.mcu.externaltools.gnu-tools-for-stm32.7-2018-q2-update.win32_1.4.0.202007081208/tools/bin/../lib/gcc/arm-none-eabi/7.3.1/../../../../arm-none-eabi/lib/thumb/v7e-m/fpv4-sp/hard\libc_nano.a(lib_a-impure.o)
                              c:/st/stm32cubeide_1.4.0/stm32cubeide/plugins/com.st.stm32cube.ide.mcu.externaltools.gnu-tools-for-stm32.7-2018-q2-update.win32_1.4.0.202007081208/tools/bin/../lib/gcc/arm-none-eabi/7.3.1/../../../../arm-none-eabi/lib/thumb/v7e-m/fpv4-sp/hard\libc_nano.a(lib_a-exit.o) (_global_impure_ptr)
c:/st/stm32cubeide_1.4.0/stm32cubeide/plugins/com.st.stm32cube.ide.mcu.externaltools.gnu-tools-for-stm32.7-2018-q2-update.win32_1.4.0.202007081208/tools/bin/../lib/gcc/arm-none-eabi/7.3.1/../../../../arm-none-eabi/lib/thumb/v7e-m/fpv4-sp/hard\libc_nano.a(lib_a-init.o)
                              c:/st/stm32cubeide_1.4.0/stm32cubeide/plugins/com.st.stm32cube.ide.mcu.externaltools.gnu-tools-for-stm32.7-2018-q2-update.win32_1.4.0.202007081208/tools/bin/../lib/gcc/arm-none-eabi/7.3.1/../../../../arm-none-eabi/lib/thumb/v7e-m/fpv4-sp/hard/crt0.o (__libc_init_array)
c:/st/stm32cubeide_1.4.0/stm32cubeide/plugins/com.st.stm32cube.ide.mcu.externaltools.gnu-tools-for-stm32.7-2018-q2-update.win32_1.4.0.202007081208/tools/bin/../lib/gcc/arm-none-eabi/7.3.1/../../../../arm-none-eabi/lib/thumb/v7e-m/fpv4-sp/hard\libc_nano.a(lib_a-memset.o)
                              c:/st/stm32cubeide_1.4.0/stm32cubeide/plugins/com.st.stm32cube.ide.mcu.externaltools.gnu-tools-for-stm32.7-2018-q2-update.win32_1.4.0.202007081208/tools/bin/../lib/gcc/arm-none-eabi/7.3.1/../../../../arm-none-eabi/lib/thumb/v7e-m/fpv4-sp/hard/crt0.o (memset)
c:/st/stm32cubeide_1.4.0/stm32cubeide/plugins/com.st.stm32cube.ide.mcu.externaltools.gnu-tools-for-stm32.7-2018-q2-update.win32_1.4.0.202007081208/tools/bin/../lib/gcc/arm-none-eabi/7.3.1/../../../../arm-none-eabi/lib/thumb/v7e-m/fpv4-sp/hard\libc_nano.a(lib_a-strcmp.o)
                              Core/Src/main.o (strcmp)
c:/st/stm32cubeide_1.4.0/stm32cubeide/plugins/com.st.stm32cube.ide.mcu.externaltools.gnu-tools-for-stm32.7-2018-q2-update.win32_1.4.0.202007081208/tools/bin/../lib/gcc/arm-none-eabi/7.3.1/../../../../arm-none-eabi/lib/thumb/v7e-m/fpv4-sp/hard\libc_nano.a(lib_a-strtol.o)
                              c:/st/stm32cubeide_1.4.0/stm32cubeide/plugins/com.st.stm32cube.ide.mcu.externaltools.gnu-tools-for-stm32.7-2018-q2-update.win32_1.4.0.202007081208/tools/bin/../lib/gcc/arm-none-eabi/7.3.1/../../../../arm-none-eabi/lib/thumb/v7e-m/fpv4-sp/hard\libc_nano.a(lib_a-atoi.o) (_strtol_r)
c:/st/stm32cubeide_1.4.0/stm32cubeide/plugins/com.st.stm32cube.ide.mcu.externaltools.gnu-tools-for-stm32.7-2018-q2-update.win32_1.4.0.202007081208/tools/bin/../lib/gcc/arm-none-eabi/7.3.1/../../../../arm-none-eabi/lib/thumb/v7e-m/fpv4-sp/hard\libc_nano.a(lib_a-locale.o)
                              c:/st/stm32cubeide_1.4.0/stm32cubeide/plugins/com.st.stm32cube.ide.mcu.externaltools.gnu-tools-for-stm32.7-2018-q2-update.win32_1.4.0.202007081208/tools/bin/../lib/gcc/arm-none-eabi/7.3.1/../../../../arm-none-eabi/lib/thumb/v7e-m/fpv4-sp/hard\libc_nano.a(lib_a-strtol.o) (__locale_ctype_ptr_l)
c:/st/stm32cubeide_1.4.0/stm32cubeide/plugins/com.st.stm32cube.ide.mcu.externaltools.gnu-tools-for-stm32.7-2018-q2-update.win32_1.4.0.202007081208/tools/bin/../lib/gcc/arm-none-eabi/7.3.1/../../../../arm-none-eabi/lib/thumb/v7e-m/fpv4-sp/hard\libc_nano.a(lib_a-mbtowc_r.o)
[...]
Memory Configuration

Name             Origin             Length             Attributes
CCMRAM           0x0000000010000000 0x0000000000001000 xrw
RAM              0x0000000020000000 0x0000000000003000 xrw
FLASH            0x0000000008000000 0x0000000000010000 xr
*default*        0x0000000000000000 0xffffffffffffffff

Linker script and memory map

LOAD c:/st/stm32cubeide_1.4.0/stm32cubeide/plugins/com.st.stm32cube.ide.mcu.externaltools.gnu-tools-for-stm32.7-2018-q2-update.win32_1.4.0.202007081208/tools/bin/../lib/gcc/arm-none-eabi/7.3.1/thumb/v7e-m/fpv4-sp/hard/crti.o
LOAD c:/st/stm32cubeide_1.4.0/stm32cubeide/plugins/com.st.stm32cube.ide.mcu.externaltools.gnu-tools-for-stm32.7-2018-q2-update.win32_1.4.0.202007081208/tools/bin/../lib/gcc/arm-none-eabi/7.3.1/thumb/v7e-m/fpv4-sp/hard/crtbegin.o
LOAD c:/st/stm32cubeide_1.4.0/stm32cubeide/plugins/com.st.stm32cube.ide.mcu.externaltools.gnu-tools-for-stm32.7-2018-q2-update.win32_1.4.0.202007081208/tools/bin/../lib/gcc/arm-none-eabi/7.3.1/../../../../arm-none-eabi/lib/thumb/v7e-m/fpv4-sp/hard/crt0.o
LOAD Core/Src/dma.o
LOAD Core/Src/gpio.o
LOAD Core/Src/main.o
LOAD Core/Src/stm32f3xx_hal_msp.o
LOAD Core/Src/stm32f3xx_it.o
LOAD Core/Src/syscalls.o
LOAD Core/Src/sysmem.o
LOAD Core/Src/system_stm32f3xx.o
LOAD Core/Src/tim.o
LOAD Core/Src/usart.o
LOAD Core/Startup/startup_stm32f303k8tx.o
LOAD Drivers/STM32F3xx_HAL_Driver/Src/stm32f3xx_hal.o
LOAD Drivers/STM32F3xx_HAL_Driver/Src/stm32f3xx_hal_cortex.o
LOAD Drivers/STM32F3xx_HAL_Driver/Src/stm32f3xx_hal_dma.o
LOAD Drivers/STM32F3xx_HAL_Driver/Src/stm32f3xx_hal_exti.o
LOAD Drivers/STM32F3xx_HAL_Driver/Src/stm32f3xx_hal_flash.o
LOAD Drivers/STM32F3xx_HAL_Driver/Src/stm32f3xx_hal_flash_ex.o
LOAD Drivers/STM32F3xx_HAL_Driver/Src/stm32f3xx_hal_gpio.o
LOAD Drivers/STM32F3xx_HAL_Driver/Src/stm32f3xx_hal_i2c.o
LOAD Drivers/STM32F3xx_HAL_Driver/Src/stm32f3xx_hal_i2c_ex.o
LOAD Drivers/STM32F3xx_HAL_Driver/Src/stm32f3xx_hal_pwr.o
LOAD Drivers/STM32F3xx_HAL_Driver/Src/stm32f3xx_hal_pwr_ex.o
LOAD Drivers/STM32F3xx_HAL_Driver/Src/stm32f3xx_hal_rcc.o
LOAD Drivers/STM32F3xx_HAL_Driver/Src/stm32f3xx_hal_rcc_ex.o
LOAD Drivers/STM32F3xx_HAL_Driver/Src/stm32f3xx_hal_tim.o
LOAD Drivers/STM32F3xx_HAL_Driver/Src/stm32f3xx_hal_tim_ex.o
LOAD Drivers/STM32F3xx_HAL_Driver/Src/stm32f3xx_ll_dma.o
LOAD Drivers/STM32F3xx_HAL_Driver/Src/stm32f3xx_ll_exti.o
LOAD Drivers/STM32F3xx_HAL_Driver/Src/stm32f3xx_ll_gpio.o
LOAD Drivers/STM32F3xx_HAL_Driver/Src/stm32f3xx_ll_rcc.o
LOAD Drivers/STM32F3xx_HAL_Driver/Src/stm32f3xx_ll_usart.o
LOAD Drivers/STM32F3xx_HAL_Driver/Src/stm32f3xx_ll_utils.o
START GROUP
LOAD c:/st/stm32cubeide_1.4.0/stm32cubeide/plugins/com.st.stm32cube.ide.mcu.externaltools.gnu-tools-for-stm32.7-2018-q2-update.win32_1.4.0.202007081208/tools/bin/../lib/gcc/arm-none-eabi/7.3.1/../../../../arm-none-eabi/lib/thumb/v7e-m/fpv4-sp/hard\libc_nano.a
LOAD c:/st/stm32cubeide_1.4.0/stm32cubeide/plugins/com.st.stm32cube.ide.mcu.externaltools.gnu-tools-for-stm32.7-2018-q2-update.win32_1.4.0.202007081208/tools/bin/../lib/gcc/arm-none-eabi/7.3.1/../../../../arm-none-eabi/lib/thumb/v7e-m/fpv4-sp/hard\libm.a
END GROUP
START GROUP
LOAD c:/st/stm32cubeide_1.4.0/stm32cubeide/plugins/com.st.stm32cube.ide.mcu.externaltools.gnu-tools-for-stm32.7-2018-q2-update.win32_1.4.0.202007081208/tools/bin/../lib/gcc/arm-none-eabi/7.3.1/thumb/v7e-m/fpv4-sp/hard\libgcc.a
LOAD c:/st/stm32cubeide_1.4.0/stm32cubeide/plugins/com.st.stm32cube.ide.mcu.externaltools.gnu-tools-for-stm32.7-2018-q2-update.win32_1.4.0.202007081208/tools/bin/../lib/gcc/arm-none-eabi/7.3.1/../../../../arm-none-eabi/lib/thumb/v7e-m/fpv4-sp/hard\libc_nano.a
END GROUP
START GROUP
LOAD c:/st/stm32cubeide_1.4.0/stm32cubeide/plugins/com.st.stm32cube.ide.mcu.externaltools.gnu-tools-for-stm32.7-2018-q2-update.win32_1.4.0.202007081208/tools/bin/../lib/gcc/arm-none-eabi/7.3.1/thumb/v7e-m/fpv4-sp/hard\libgcc.a
LOAD c:/st/stm32cubeide_1.4.0/stm32cubeide/plugins/com.st.stm32cube.ide.mcu.externaltools.gnu-tools-for-stm32.7-2018-q2-update.win32_1.4.0.202007081208/tools/bin/../lib/gcc/arm-none-eabi/7.3.1/../../../../arm-none-eabi/lib/thumb/v7e-m/fpv4-sp/hard\libc_nano.a
LOAD c:/st/stm32cubeide_1.4.0/stm32cubeide/plugins/com.st.stm32cube.ide.mcu.externaltools.gnu-tools-for-stm32.7-2018-q2-update.win32_1.4.0.202007081208/tools/bin/../lib/gcc/arm-none-eabi/7.3.1/../../../../arm-none-eabi/lib/thumb/v7e-m/fpv4-sp/hard\libnosys.a
END GROUP
START GROUP
LOAD c:/st/stm32cubeide_1.4.0/stm32cubeide/plugins/com.st.stm32cube.ide.mcu.externaltools.gnu-tools-for-stm32.7-2018-q2-update.win32_1.4.0.202007081208/tools/bin/../lib/gcc/arm-none-eabi/7.3.1/thumb/v7e-m/fpv4-sp/hard\libgcc.a
LOAD c:/st/stm32cubeide_1.4.0/stm32cubeide/plugins/com.st.stm32cube.ide.mcu.externaltools.gnu-tools-for-stm32.7-2018-q2-update.win32_1.4.0.202007081208/tools/bin/../lib/gcc/arm-none-eabi/7.3.1/../../../../arm-none-eabi/lib/thumb/v7e-m/fpv4-sp/hard\libc_nano.a
LOAD c:/st/stm32cubeide_1.4.0/stm32cubeide/plugins/com.st.stm32cube.ide.mcu.externaltools.gnu-tools-for-stm32.7-2018-q2-update.win32_1.4.0.202007081208/tools/bin/../lib/gcc/arm-none-eabi/7.3.1/../../../../arm-none-eabi/lib/thumb/v7e-m/fpv4-sp/hard\libnosys.a
END GROUP
LOAD c:/st/stm32cubeide_1.4.0/stm32cubeide/plugins/com.st.stm32cube.ide.mcu.externaltools.gnu-tools-for-stm32.7-2018-q2-update.win32_1.4.0.202007081208/tools/bin/../lib/gcc/arm-none-eabi/7.3.1/thumb/v7e-m/fpv4-sp/hard/crtend.o
LOAD c:/st/stm32cubeide_1.4.0/stm32cubeide/plugins/com.st.stm32cube.ide.mcu.externaltools.gnu-tools-for-stm32.7-2018-q2-update.win32_1.4.0.202007081208/tools/bin/../lib/gcc/arm-none-eabi/7.3.1/thumb/v7e-m/fpv4-sp/hard/crtn.o
                0x0000000020003000                _estack = (ORIGIN (RAM) + LENGTH (RAM))
                0x0000000000000200                _Min_Heap_Size = 0x200
                0x0000000000000400                _Min_Stack_Size = 0x400

.isr_vector     0x0000000008000000      0x188
                0x0000000008000000                . = ALIGN (0x4)
 *(.isr_vector)
 .isr_vector    0x0000000008000000      0x188 Core/Startup/startup_stm32f303k8tx.o
                0x0000000008000000                g_pfnVectors
                0x0000000008000188                . = ALIGN (0x4)

.text           0x0000000008000188     0x377c
                0x0000000008000188                . = ALIGN (0x4)
 *(.text)
 .text          0x0000000008000188       0x40 c:/st/stm32cubeide_1.4.0/stm32cubeide/plugins/com.st.stm32cube.ide.mcu.externaltools.gnu-tools-for-stm32.7-2018-q2-update.win32_1.4.0.202007081208/tools/bin/../lib/gcc/arm-none-eabi/7.3.1/thumb/v7e-m/fpv4-sp/hard/crtbegin.o
 .text          0x00000000080001c8       0x14 c:/st/stm32cubeide_1.4.0/stm32cubeide/plugins/com.st.stm32cube.ide.mcu.externaltools.gnu-tools-for-stm32.7-2018-q2-update.win32_1.4.0.202007081208/tools/bin/../lib/gcc/arm-none-eabi/7.3.1/../../../../arm-none-eabi/lib/thumb/v7e-m/fpv4-sp/hard\libc_nano.a(lib_a-strcmp.o)
                0x00000000080001c8                strcmp
 *(.text*)
 .text.__NVIC_GetPriorityGrouping
                0x00000000080001dc       0x1c Core/Src/dma.o
 .text.__NVIC_EnableIRQ
                0x00000000080001f8       0x3c Core/Src/dma.o
 .text.__NVIC_SetPriority
                0x0000000008000234       0x54 Core/Src/dma.o
 .text.NVIC_EncodePriority
                0x0000000008000288       0x66 Core/Src/dma.o
 *fill*         0x00000000080002ee        0x2 
 .text.LL_AHB1_GRP1_EnableClock
                0x00000000080002f0       0x30 Core/Src/dma.o
 .text.MX_DMA_Init
                0x0000000008000320       0x4e Core/Src/dma.o
                0x0000000008000320                MX_DMA_Init
 *fill*         0x000000000800036e        0x2 
 .text.LL_AHB1_GRP1_EnableClock
                0x0000000008000370       0x30 Core/Src/gpio.o
 .text.MX_GPIO_Init
                0x00000000080003a0       0x10 Core/Src/gpio.o
                0x00000000080003a0                MX_GPIO_Init
 .text.LL_RCC_HSI_Enable
                0x00000000080003b0       0x20 Core/Src/main.o
 .text.LL_RCC_HSI_IsReady
                0x00000000080003d0       0x24 Core/Src/main.o
 .text.LL_RCC_HSI_SetCalibTrimming
                0x00000000080003f4       0x2c Core/Src/main.o
 .text.LL_RCC_SetSysClkSource
                0x0000000008000420       0x28 Core/Src/main.o
 .text.LL_RCC_GetSysClkSource
                0x0000000008000448       0x1c Core/Src/main.o
 .text.LL_RCC_SetAHBPrescaler
                0x0000000008000464       0x28 Core/Src/main.o
 .text.LL_RCC_SetAPB1Prescaler
                0x000000000800048c       0x28 Core/Src/main.o
 .text.LL_RCC_SetAPB2Prescaler
                0x00000000080004b4       0x28 Core/Src/main.o
 .text.LL_FLASH_SetLatency
                0x00000000080004dc       0x28 Core/Src/main.o
 .text.LL_FLASH_GetLatency
                0x0000000008000504       0x1c Core/Src/main.o
 .text.main     0x0000000008000520       0x44 Core/Src/main.o
                0x0000000008000520                main
 .text.SystemClock_Config
                0x0000000008000564       0x70 Core/Src/main.o
                0x0000000008000564                SystemClock_Config
 .text.proccesDmaData
                0x00000000080005d4      0x148 Core/Src/main.o
                0x00000000080005d4                proccesDmaData
 .text.setDutyCycle
                0x000000000800071c       0x1e Core/Src/main.o
                0x000000000800071c                setDutyCycle
 .text.Error_Handler
                0x000000000800073a        0xe Core/Src/main.o
                0x000000000800073a                Error_Handler
 .text.HAL_MspInit
                0x0000000008000748       0x48 Core/Src/stm32f3xx_hal_msp.o
                0x0000000008000748                HAL_MspInit
 .text.LL_DMA_DisableChannel
                0x0000000008000790       0x40 Core/Src/stm32f3xx_it.o
 .text.LL_DMA_IsActiveFlag_TC6
                0x00000000080007d0       0x28 Core/Src/stm32f3xx_it.o
 .text.LL_DMA_IsActiveFlag_TC7
                0x00000000080007f8       0x28 Core/Src/stm32f3xx_it.o
 .text.LL_DMA_IsActiveFlag_HT6
                0x0000000008000820       0x28 Core/Src/stm32f3xx_it.o
 .text.LL_DMA_ClearFlag_TC6
                0x0000000008000848       0x1c Core/Src/stm32f3xx_it.o
 .text.LL_DMA_ClearFlag_TC7
                0x0000000008000864       0x1c Core/Src/stm32f3xx_it.o
 .text.LL_DMA_ClearFlag_HT6
                0x0000000008000880       0x1c Core/Src/stm32f3xx_it.o
 .text.LL_USART_IsActiveFlag_IDLE
                0x000000000800089c       0x26 Core/Src/stm32f3xx_it.o
 .text.LL_USART_IsActiveFlag_TC
                0x00000000080008c2       0x26 Core/Src/stm32f3xx_it.o
 .text.LL_USART_ClearFlag_IDLE
                0x00000000080008e8       0x1a Core/Src/stm32f3xx_it.o
 .text.NMI_Handler
                0x0000000008000902        0xe Core/Src/stm32f3xx_it.o
                0x0000000008000902                NMI_Handler
 .text.HardFault_Handler
                0x0000000008000910        0x6 Core/Src/stm32f3xx_it.o
                0x0000000008000910                HardFault_Handler
 .text.MemManage_Handler
                0x0000000008000916        0x6 Core/Src/stm32f3xx_it.o
                0x0000000008000916                MemManage_Handler
 .text.BusFault_Handler
                0x000000000800091c        0x6 Core/Src/stm32f3xx_it.o
                0x000000000800091c                BusFault_Handler
 .text.UsageFault_Handler
                0x0000000008000922        0x6 Core/Src/stm32f3xx_it.o
                0x0000000008000922                UsageFault_Handler
 .text.SVC_Handler
                0x0000000008000928        0xe Core/Src/stm32f3xx_it.o
                0x0000000008000928                SVC_Handler
 .text.DebugMon_Handler
                0x0000000008000936        0xe Core/Src/stm32f3xx_it.o
                0x0000000008000936                DebugMon_Handler
 .text.PendSV_Handler
                0x0000000008000944        0xe Core/Src/stm32f3xx_it.o
                0x0000000008000944                PendSV_Handler
 .text.SysTick_Handler
                0x0000000008000952        0xc Core/Src/stm32f3xx_it.o
                0x0000000008000952                SysTick_Handler
 *fill*         0x000000000800095e        0x2 
 .text.DMA1_Channel6_IRQHandler
                0x0000000008000960       0x3c Core/Src/stm32f3xx_it.o
                0x0000000008000960                DMA1_Channel6_IRQHandler
 .text.DMA1_Channel7_IRQHandler
                0x000000000800099c       0x38 Core/Src/stm32f3xx_it.o
                0x000000000800099c                DMA1_Channel7_IRQHandler
 .text.USART2_IRQHandler
                0x00000000080009d4       0x24 Core/Src/stm32f3xx_it.o
                0x00000000080009d4                USART2_IRQHandler
 .text.TIM2_IRQHandler
                0x00000000080009f8       0x14 Core/Src/stm32f3xx_it.o
                0x00000000080009f8                TIM2_IRQHandler
 .text.TIM3_IRQHandler
                0x0000000008000a0c       0xc4 Core/Src/stm32f3xx_it.o
                0x0000000008000a0c                TIM3_IRQHandler
 .text.SystemInit
                0x0000000008000ad0       0x2c Core/Src/system_stm32f3xx.o
                0x0000000008000ad0                SystemInit
 .text.MX_TIM2_Init
                0x0000000008000afc       0xec Core/Src/tim.o
                0x0000000008000afc                MX_TIM2_Init
 .text.MX_TIM3_Init
                0x0000000008000be8       0xe8 Core/Src/tim.o
                0x0000000008000be8                MX_TIM3_Init
 .text.HAL_TIM_Base_MspInit
                0x0000000008000cd0       0x80 Core/Src/tim.o
                0x0000000008000cd0                HAL_TIM_Base_MspInit
 .text.HAL_TIM_MspPostInit
                0x0000000008000d50       0x68 Core/Src/tim.o
                0x0000000008000d50                HAL_TIM_MspPostInit
 .text.__NVIC_EnableIRQ
                0x0000000008000db8       0x3c Core/Src/usart.o
 .text.__NVIC_SetPriority
                0x0000000008000df4       0x54 Core/Src/usart.o
 .text.LL_DMA_EnableChannel
                0x0000000008000e48       0x40 Core/Src/usart.o
 .text.LL_DMA_DisableChannel
                0x0000000008000e88       0x40 Core/Src/usart.o
 .text.LL_DMA_SetDataTransferDirection
                0x0000000008000ec8       0x4c Core/Src/usart.o
 .text.LL_DMA_GetDataTransferDirection
                0x0000000008000f14       0x30 Core/Src/usart.o
 .text.LL_DMA_SetMode
                0x0000000008000f44       0x48 Core/Src/usart.o
 .text.LL_DMA_SetPeriphIncMode
                0x0000000008000f8c       0x48 Core/Src/usart.o
 .text.LL_DMA_SetMemoryIncMode
                0x0000000008000fd4       0x48 Core/Src/usart.o
 .text.LL_DMA_SetPeriphSize
                0x000000000800101c       0x48 Core/Src/usart.o
 .text.LL_DMA_SetMemorySize
                0x0000000008001064       0x48 Core/Src/usart.o
 .text.LL_DMA_SetChannelPriorityLevel
                0x00000000080010ac       0x48 Core/Src/usart.o
 .text.LL_DMA_SetDataLength
                0x00000000080010f4       0x48 Core/Src/usart.o
 .text.LL_DMA_GetDataLength
                0x000000000800113c       0x2c Core/Src/usart.o
 .text.LL_DMA_ConfigAddresses
                0x0000000008001168       0x78 Core/Src/usart.o
 .text.LL_DMA_SetPeriphAddress
                0x00000000080011e0       0x30 Core/Src/usart.o
 .text.LL_DMA_EnableIT_TC
                0x0000000008001210       0x40 Core/Src/usart.o
 .text.LL_DMA_EnableIT_HT
                0x0000000008001250       0x40 Core/Src/usart.o
 .text.LL_DMA_EnableIT_TE
                0x0000000008001290       0x40 Core/Src/usart.o
 .text.LL_AHB1_GRP1_EnableClock
                0x00000000080012d0       0x30 Core/Src/usart.o
 .text.LL_APB1_GRP1_EnableClock
                0x0000000008001300       0x30 Core/Src/usart.o
 .text.LL_USART_Enable
                0x0000000008001330       0x20 Core/Src/usart.o
 .text.LL_USART_ConfigAsyncMode
                0x0000000008001350       0x2c Core/Src/usart.o
 .text.LL_USART_EnableIT_IDLE
                0x000000000800137c       0x20 Core/Src/usart.o
 .text.LL_USART_DisableIT_CTS
                0x000000000800139c       0x20 Core/Src/usart.o
 .text.LL_USART_EnableDMAReq_RX
                0x00000000080013bc       0x20 Core/Src/usart.o
 .text.LL_USART_EnableDMAReq_TX
                0x00000000080013dc       0x20 Core/Src/usart.o
 .text.LL_USART_DMA_GetRegAddr
                0x00000000080013fc       0x2a Core/Src/usart.o
 *fill*         0x0000000008001426        0x2 
 .text.USART2_RegisterCallback
                0x0000000008001428       0x24 Core/Src/usart.o
                0x0000000008001428                USART2_RegisterCallback
 .text.MX_USART2_UART_Init
                0x000000000800144c      0x1c4 Core/Src/usart.o
                0x000000000800144c                MX_USART2_UART_Init
 .text.USART2_CheckDmaReception
                0x0000000008001610       0xcc Core/Src/usart.o
                0x0000000008001610                USART2_CheckDmaReception
 .text.Reset_Handler
                0x00000000080016dc       0x50 Core/Startup/startup_stm32f303k8tx.o
                0x00000000080016dc                Reset_Handler
 .text.Default_Handler
                0x000000000800172c        0x2 Core/Startup/startup_stm32f303k8tx.o
                0x000000000800172c                RTC_Alarm_IRQHandler
                0x000000000800172c                TIM1_CC_IRQHandler
                0x000000000800172c                PVD_IRQHandler
                0x000000000800172c                TAMP_STAMP_IRQHandler
                0x000000000800172c                EXTI3_IRQHandler
                0x000000000800172c                EXTI0_IRQHandler
                0x000000000800172c                FPU_IRQHandler
                0x000000000800172c                CAN_TX_IRQHandler
                0x000000000800172c                TIM1_UP_TIM16_IRQHandler
                0x000000000800172c                ADC1_2_IRQHandler
                0x000000000800172c                SPI1_IRQHandler
                0x000000000800172c                CAN_SCE_IRQHandler
                0x000000000800172c                DMA1_Channel4_IRQHandler
                0x000000000800172c                USART3_IRQHandler
                0x000000000800172c                TIM7_DAC2_IRQHandler
                0x000000000800172c                CAN_RX1_IRQHandler
                0x000000000800172c                I2C1_EV_IRQHandler
                0x000000000800172c                RCC_IRQHandler
                0x000000000800172c                DMA1_Channel1_IRQHandler
                0x000000000800172c                Default_Handler
                0x000000000800172c                EXTI15_10_IRQHandler
                0x000000000800172c                COMP2_IRQHandler
                0x000000000800172c                TIM6_DAC1_IRQHandler
                0x000000000800172c                EXTI9_5_IRQHandler
                0x000000000800172c                RTC_WKUP_IRQHandler
                0x000000000800172c                DMA1_Channel5_IRQHandler
                0x000000000800172c                EXTI4_IRQHandler
                0x000000000800172c                TIM1_TRG_COM_TIM17_IRQHandler
                0x000000000800172c                DMA1_Channel3_IRQHandler
                0x000000000800172c                WWDG_IRQHandler
                0x000000000800172c                EXTI1_IRQHandler
                0x000000000800172c                COMP4_6_IRQHandler
                0x000000000800172c                DMA1_Channel2_IRQHandler
                0x000000000800172c                FLASH_IRQHandler
                0x000000000800172c                USART1_IRQHandler
                0x000000000800172c                CAN_RX0_IRQHandler
                0x000000000800172c                I2C1_ER_IRQHandler
                0x000000000800172c                EXTI2_TSC_IRQHandler
                0x000000000800172c                TIM1_BRK_TIM15_IRQHandler
 *fill*         0x000000000800172e        0x2 
 .text.HAL_Init
                0x0000000008001730       0x2c Drivers/STM32F3xx_HAL_Driver/Src/stm32f3xx_hal.o
                0x0000000008001730                HAL_Init
 .text.HAL_InitTick
                0x000000000800175c       0x60 Drivers/STM32F3xx_HAL_Driver/Src/stm32f3xx_hal.o
                0x000000000800175c                HAL_InitTick
 .text.HAL_IncTick
                0x00000000080017bc       0x28 Drivers/STM32F3xx_HAL_Driver/Src/stm32f3xx_hal.o
                0x00000000080017bc                HAL_IncTick
 .text.__NVIC_SetPriorityGrouping
                0x00000000080017e4       0x48 Drivers/STM32F3xx_HAL_Driver/Src/stm32f3xx_hal_cortex.o
 .text.__NVIC_GetPriorityGrouping
                0x000000000800182c       0x1c Drivers/STM32F3xx_HAL_Driver/Src/stm32f3xx_hal_cortex.o
 .text.__NVIC_EnableIRQ
                0x0000000008001848       0x3c Drivers/STM32F3xx_HAL_Driver/Src/stm32f3xx_hal_cortex.o
 .text.__NVIC_SetPriority
                0x0000000008001884       0x54 Drivers/STM32F3xx_HAL_Driver/Src/stm32f3xx_hal_cortex.o
 .text.NVIC_EncodePriority
                0x00000000080018d8       0x66 Drivers/STM32F3xx_HAL_Driver/Src/stm32f3xx_hal_cortex.o
 *fill*         0x000000000800193e        0x2 
 .text.SysTick_Config
                0x0000000008001940       0x44 Drivers/STM32F3xx_HAL_Driver/Src/stm32f3xx_hal_cortex.o
 .text.HAL_NVIC_SetPriorityGrouping
                0x0000000008001984       0x16 Drivers/STM32F3xx_HAL_Driver/Src/stm32f3xx_hal_cortex.o
                0x0000000008001984                HAL_NVIC_SetPriorityGrouping
 .text.HAL_NVIC_SetPriority
                0x000000000800199a       0x38 Drivers/STM32F3xx_HAL_Driver/Src/stm32f3xx_hal_cortex.o
                0x000000000800199a                HAL_NVIC_SetPriority
 .text.HAL_NVIC_EnableIRQ
                0x00000000080019d2       0x1c Drivers/STM32F3xx_HAL_Driver/Src/stm32f3xx_hal_cortex.o
                0x00000000080019d2                HAL_NVIC_EnableIRQ
 .text.HAL_SYSTICK_Config
                0x00000000080019ee       0x18 Drivers/STM32F3xx_HAL_Driver/Src/stm32f3xx_hal_cortex.o
                0x00000000080019ee                HAL_SYSTICK_Config
 *fill*         0x0000000008001a06        0x2 
 .text.HAL_GPIO_Init
                0x0000000008001a08      0x2e4 Drivers/STM32F3xx_HAL_Driver/Src/stm32f3xx_hal_gpio.o
                0x0000000008001a08                HAL_GPIO_Init
 .text.HAL_TIM_Base_Init
                0x0000000008001cec       0x56 Drivers/STM32F3xx_HAL_Driver/Src/stm32f3xx_hal_tim.o
                0x0000000008001cec                HAL_TIM_Base_Init
 *fill*         0x0000000008001d42        0x2 
 .text.HAL_TIM_Base_Start_IT
                0x0000000008001d44       0x54 Drivers/STM32F3xx_HAL_Driver/Src/stm32f3xx_hal_tim.o
                0x0000000008001d44                HAL_TIM_Base_Start_IT
 .text.HAL_TIM_OC_Init
                0x0000000008001d98       0x56 Drivers/STM32F3xx_HAL_Driver/Src/stm32f3xx_hal_tim.o
                0x0000000008001d98                HAL_TIM_OC_Init
 .text.HAL_TIM_OC_MspInit
                0x0000000008001dee       0x14 Drivers/STM32F3xx_HAL_Driver/Src/stm32f3xx_hal_tim.o
                0x0000000008001dee                HAL_TIM_OC_MspInit
 .text.HAL_TIM_PWM_Init
                0x0000000008001e02       0x56 Drivers/STM32F3xx_HAL_Driver/Src/stm32f3xx_hal_tim.o
                0x0000000008001e02                HAL_TIM_PWM_Init
 .text.HAL_TIM_PWM_MspInit
                0x0000000008001e58       0x14 Drivers/STM32F3xx_HAL_Driver/Src/stm32f3xx_hal_tim.o
                0x0000000008001e58                HAL_TIM_PWM_MspInit
 .text.HAL_TIM_PWM_Start
                0x0000000008001e6c       0xa4 Drivers/STM32F3xx_HAL_Driver/Src/stm32f3xx_hal_tim.o
                0x0000000008001e6c                HAL_TIM_PWM_Start
 .text.HAL_TIM_IRQHandler
                0x0000000008001f10      0x23e Drivers/STM32F3xx_HAL_Driver/Src/stm32f3xx_hal_tim.o
                0x0000000008001f10                HAL_TIM_IRQHandler
 *fill*         0x000000000800214e        0x2 
 .text.HAL_TIM_OC_ConfigChannel
                0x0000000008002150       0xfc Drivers/STM32F3xx_HAL_Driver/Src/stm32f3xx_hal_tim.o
                0x0000000008002150                HAL_TIM_OC_ConfigChannel
 .text.HAL_TIM_PWM_ConfigChannel
                0x000000000800224c      0x230 Drivers/STM32F3xx_HAL_Driver/Src/stm32f3xx_hal_tim.o
                0x000000000800224c                HAL_TIM_PWM_ConfigChannel
 .text.HAL_TIM_ConfigClockSource
                0x000000000800247c      0x172 Drivers/STM32F3xx_HAL_Driver/Src/stm32f3xx_hal_tim.o
                0x000000000800247c                HAL_TIM_ConfigClockSource
 .text.HAL_TIM_PeriodElapsedCallback
                0x00000000080025ee       0x14 Drivers/STM32F3xx_HAL_Driver/Src/stm32f3xx_hal_tim.o
                0x00000000080025ee                HAL_TIM_PeriodElapsedCallback
 .text.HAL_TIM_OC_DelayElapsedCallback
                0x0000000008002602       0x14 Drivers/STM32F3xx_HAL_Driver/Src/stm32f3xx_hal_tim.o
                0x0000000008002602                HAL_TIM_OC_DelayElapsedCallback
 .text.HAL_TIM_IC_CaptureCallback
                0x0000000008002616       0x14 Drivers/STM32F3xx_HAL_Driver/Src/stm32f3xx_hal_tim.o
                0x0000000008002616                HAL_TIM_IC_CaptureCallback
 .text.HAL_TIM_PWM_PulseFinishedCallback
                0x000000000800262a       0x14 Drivers/STM32F3xx_HAL_Driver/Src/stm32f3xx_hal_tim.o
                0x000000000800262a                HAL_TIM_PWM_PulseFinishedCallback
 .text.HAL_TIM_TriggerCallback
                0x000000000800263e       0x14 Drivers/STM32F3xx_HAL_Driver/Src/stm32f3xx_hal_tim.o
                0x000000000800263e                HAL_TIM_TriggerCallback
 *fill*         0x0000000008002652        0x2 
 .text.TIM_Base_SetConfig
                0x0000000008002654       0xf0 Drivers/STM32F3xx_HAL_Driver/Src/stm32f3xx_hal_tim.o
                0x0000000008002654                TIM_Base_SetConfig
 .text.TIM_OC1_SetConfig
                0x0000000008002744      0x10c Drivers/STM32F3xx_HAL_Driver/Src/stm32f3xx_hal_tim.o
 .text.TIM_OC2_SetConfig
                0x0000000008002850      0x100 Drivers/STM32F3xx_HAL_Driver/Src/stm32f3xx_hal_tim.o
                0x0000000008002850                TIM_OC2_SetConfig
 .text.TIM_OC3_SetConfig
                0x0000000008002950       0xfc Drivers/STM32F3xx_HAL_Driver/Src/stm32f3xx_hal_tim.o
 .text.TIM_OC4_SetConfig
                0x0000000008002a4c       0xc8 Drivers/STM32F3xx_HAL_Driver/Src/stm32f3xx_hal_tim.o
 .text.TIM_OC5_SetConfig
                0x0000000008002b14       0xbc Drivers/STM32F3xx_HAL_Driver/Src/stm32f3xx_hal_tim.o
 .text.TIM_OC6_SetConfig
                0x0000000008002bd0       0xc0 Drivers/STM32F3xx_HAL_Driver/Src/stm32f3xx_hal_tim.o
 .text.TIM_TI1_ConfigInputStage
                0x0000000008002c90       0x5e Drivers/STM32F3xx_HAL_Driver/Src/stm32f3xx_hal_tim.o
 .text.TIM_TI2_ConfigInputStage
                0x0000000008002cee       0x60 Drivers/STM32F3xx_HAL_Driver/Src/stm32f3xx_hal_tim.o
 .text.TIM_ITRx_SetConfig
                0x0000000008002d4e       0x36 Drivers/STM32F3xx_HAL_Driver/Src/stm32f3xx_hal_tim.o
 .text.TIM_ETR_SetConfig
                0x0000000008002d84       0x40 Drivers/STM32F3xx_HAL_Driver/Src/stm32f3xx_hal_tim.o
                0x0000000008002d84                TIM_ETR_SetConfig
 .text.TIM_CCxChannelCmd
                0x0000000008002dc4       0x4a Drivers/STM32F3xx_HAL_Driver/Src/stm32f3xx_hal_tim.o
                0x0000000008002dc4                TIM_CCxChannelCmd
 *fill*         0x0000000008002e0e        0x2 
 .text.HAL_TIMEx_MasterConfigSynchronization
                0x0000000008002e10       0xdc Drivers/STM32F3xx_HAL_Driver/Src/stm32f3xx_hal_tim_ex.o
                0x0000000008002e10                HAL_TIMEx_MasterConfigSynchronization
 .text.HAL_TIMEx_CommutCallback
                0x0000000008002eec       0x14 Drivers/STM32F3xx_HAL_Driver/Src/stm32f3xx_hal_tim_ex.o
                0x0000000008002eec                HAL_TIMEx_CommutCallback
 .text.HAL_TIMEx_BreakCallback
                0x0000000008002f00       0x14 Drivers/STM32F3xx_HAL_Driver/Src/stm32f3xx_hal_tim_ex.o
                0x0000000008002f00                HAL_TIMEx_BreakCallback
 .text.HAL_TIMEx_Break2Callback
                0x0000000008002f14       0x14 Drivers/STM32F3xx_HAL_Driver/Src/stm32f3xx_hal_tim_ex.o
                0x0000000008002f14                HAL_TIMEx_Break2Callback
 .text.LL_GPIO_SetPinMode
                0x0000000008002f28       0x5e Drivers/STM32F3xx_HAL_Driver/Src/stm32f3xx_ll_gpio.o
 .text.LL_GPIO_SetPinOutputType
                0x0000000008002f86       0x30 Drivers/STM32F3xx_HAL_Driver/Src/stm32f3xx_ll_gpio.o
 .text.LL_GPIO_SetPinSpeed
                0x0000000008002fb6       0x5e Drivers/STM32F3xx_HAL_Driver/Src/stm32f3xx_ll_gpio.o
 .text.LL_GPIO_SetPinPull
                0x0000000008003014       0x5e Drivers/STM32F3xx_HAL_Driver/Src/stm32f3xx_ll_gpio.o
 .text.LL_GPIO_SetAFPin_0_7
                0x0000000008003072       0x5e Drivers/STM32F3xx_HAL_Driver/Src/stm32f3xx_ll_gpio.o
 .text.LL_GPIO_SetAFPin_8_15
                0x00000000080030d0       0x62 Drivers/STM32F3xx_HAL_Driver/Src/stm32f3xx_ll_gpio.o
 .text.LL_GPIO_Init
                0x0000000008003132       0xe0 Drivers/STM32F3xx_HAL_Driver/Src/stm32f3xx_ll_gpio.o
                0x0000000008003132                LL_GPIO_Init
 *fill*         0x0000000008003212        0x2 
 .text.LL_RCC_HSI_IsReady
                0x0000000008003214       0x24 Drivers/STM32F3xx_HAL_Driver/Src/stm32f3xx_ll_rcc.o
 .text.LL_RCC_LSE_IsReady
                0x0000000008003238       0x24 Drivers/STM32F3xx_HAL_Driver/Src/stm32f3xx_ll_rcc.o
 .text.LL_RCC_GetSysClkSource
                0x000000000800325c       0x1c Drivers/STM32F3xx_HAL_Driver/Src/stm32f3xx_ll_rcc.o
 .text.LL_RCC_GetAHBPrescaler
                0x0000000008003278       0x1c Drivers/STM32F3xx_HAL_Driver/Src/stm32f3xx_ll_rcc.o
 .text.LL_RCC_GetAPB1Prescaler
                0x0000000008003294       0x1c Drivers/STM32F3xx_HAL_Driver/Src/stm32f3xx_ll_rcc.o
 .text.LL_RCC_GetAPB2Prescaler
                0x00000000080032b0       0x1c Drivers/STM32F3xx_HAL_Driver/Src/stm32f3xx_ll_rcc.o
 .text.LL_RCC_GetUSARTClockSource
                0x00000000080032cc       0x2c Drivers/STM32F3xx_HAL_Driver/Src/stm32f3xx_ll_rcc.o
 .text.LL_RCC_PLL_GetMainSource
                0x00000000080032f8       0x1c Drivers/STM32F3xx_HAL_Driver/Src/stm32f3xx_ll_rcc.o
 .text.LL_RCC_PLL_GetMultiplicator
                0x0000000008003314       0x1c Drivers/STM32F3xx_HAL_Driver/Src/stm32f3xx_ll_rcc.o
 .text.LL_RCC_PLL_GetPrediv
                0x0000000008003330       0x1c Drivers/STM32F3xx_HAL_Driver/Src/stm32f3xx_ll_rcc.o
 .text.LL_RCC_GetSystemClocksFreq
                0x000000000800334c       0x4a Drivers/STM32F3xx_HAL_Driver/Src/stm32f3xx_ll_rcc.o
                0x000000000800334c                LL_RCC_GetSystemClocksFreq
 *fill*         0x0000000008003396        0x2 
 .text.LL_RCC_GetUSARTClockFreq
                0x0000000008003398       0x80 Drivers/STM32F3xx_HAL_Driver/Src/stm32f3xx_ll_rcc.o
                0x0000000008003398                LL_RCC_GetUSARTClockFreq
 .text.RCC_GetSystemClockFreq
                0x0000000008003418       0x44 Drivers/STM32F3xx_HAL_Driver/Src/stm32f3xx_ll_rcc.o
                0x0000000008003418                RCC_GetSystemClockFreq
 .text.RCC_GetHCLKClockFreq
                0x000000000800345c       0x2c Drivers/STM32F3xx_HAL_Driver/Src/stm32f3xx_ll_rcc.o
                0x000000000800345c                RCC_GetHCLKClockFreq
 .text.RCC_GetPCLK1ClockFreq
                0x0000000008003488       0x28 Drivers/STM32F3xx_HAL_Driver/Src/stm32f3xx_ll_rcc.o
                0x0000000008003488                RCC_GetPCLK1ClockFreq
 .text.RCC_GetPCLK2ClockFreq
                0x00000000080034b0       0x28 Drivers/STM32F3xx_HAL_Driver/Src/stm32f3xx_ll_rcc.o
                0x00000000080034b0                RCC_GetPCLK2ClockFreq
 .text.RCC_PLL_GetFreqDomain_SYS
                0x00000000080034d8       0x7c Drivers/STM32F3xx_HAL_Driver/Src/stm32f3xx_ll_rcc.o
                0x00000000080034d8                RCC_PLL_GetFreqDomain_SYS
 .text.LL_USART_IsEnabled
                0x0000000008003554       0x26 Drivers/STM32F3xx_HAL_Driver/Src/stm32f3xx_ll_usart.o
 .text.LL_USART_SetStopBitsLength
                0x000000000800357a       0x26 Drivers/STM32F3xx_HAL_Driver/Src/stm32f3xx_ll_usart.o
 .text.LL_USART_SetHWFlowCtrl
                0x00000000080035a0       0x26 Drivers/STM32F3xx_HAL_Driver/Src/stm32f3xx_ll_usart.o
 .text.LL_USART_SetBaudRate
                0x00000000080035c6       0x64 Drivers/STM32F3xx_HAL_Driver/Src/stm32f3xx_ll_usart.o
 *fill*         0x000000000800362a        0x2 
 .text.LL_USART_Init
                0x000000000800362c       0xd8 Drivers/STM32F3xx_HAL_Driver/Src/stm32f3xx_ll_usart.o
                0x000000000800362c                LL_USART_Init
 .text.LL_SetSystemCoreClock
                0x0000000008003704       0x20 Drivers/STM32F3xx_HAL_Driver/Src/stm32f3xx_ll_utils.o
                0x0000000008003704                LL_SetSystemCoreClock
 .text.atoi     0x0000000008003724        0x8 c:/st/stm32cubeide_1.4.0/stm32cubeide/plugins/com.st.stm32cube.ide.mcu.externaltools.gnu-tools-for-stm32.7-2018-q2-update.win32_1.4.0.202007081208/tools/bin/../lib/gcc/arm-none-eabi/7.3.1/../../../../arm-none-eabi/lib/thumb/v7e-m/fpv4-sp/hard\libc_nano.a(lib_a-atoi.o)
                0x0000000008003724                atoi
 .text.__libc_init_array
                0x000000000800372c       0x48 c:/st/stm32cubeide_1.4.0/stm32cubeide/plugins/com.st.stm32cube.ide.mcu.externaltools.gnu-tools-for-stm32.7-2018-q2-update.win32_1.4.0.202007081208/tools/bin/../lib/gcc/arm-none-eabi/7.3.1/../../../../arm-none-eabi/lib/thumb/v7e-m/fpv4-sp/hard\libc_nano.a(lib_a-init.o)
                0x000000000800372c                __libc_init_array
 .text.memset   0x0000000008003774       0x10 c:/st/stm32cubeide_1.4.0/stm32cubeide/plugins/com.st.stm32cube.ide.mcu.externaltools.gnu-tools-for-stm32.7-2018-q2-update.win32_1.4.0.202007081208/tools/bin/../lib/gcc/arm-none-eabi/7.3.1/../../../../arm-none-eabi/lib/thumb/v7e-m/fpv4-sp/hard\libc_nano.a(lib_a-memset.o)
                0x0000000008003774                memset
 .text._strtol_l.isra.0
                0x0000000008003784       0xf6 c:/st/stm32cubeide_1.4.0/stm32cubeide/plugins/com.st.stm32cube.ide.mcu.externaltools.gnu-tools-for-stm32.7-2018-q2-update.win32_1.4.0.202007081208/tools/bin/../lib/gcc/arm-none-eabi/7.3.1/../../../../arm-none-eabi/lib/thumb/v7e-m/fpv4-sp/hard\libc_nano.a(lib_a-strtol.o)
 *fill*         0x000000000800387a        0x2 
 .text.strtol   0x000000000800387c       0x2c c:/st/stm32cubeide_1.4.0/stm32cubeide/plugins/com.st.stm32cube.ide.mcu.externaltools.gnu-tools-for-stm32.7-2018-q2-update.win32_1.4.0.202007081208/tools/bin/../lib/gcc/arm-none-eabi/7.3.1/../../../../arm-none-eabi/lib/thumb/v7e-m/fpv4-sp/hard\libc_nano.a(lib_a-strtol.o)
                0x000000000800387c                strtol
 .text.__locale_ctype_ptr_l
                0x00000000080038a8        0x6 c:/st/stm32cubeide_1.4.0/stm32cubeide/plugins/com.st.stm32cube.ide.mcu.externaltools.gnu-tools-for-stm32.7-2018-q2-update.win32_1.4.0.202007081208/tools/bin/../lib/gcc/arm-none-eabi/7.3.1/../../../../arm-none-eabi/lib/thumb/v7e-m/fpv4-sp/hard\libc_nano.a(lib_a-locale.o)
                0x00000000080038a8                __locale_ctype_ptr_l
 .text.__ascii_mbtowc
                0x00000000080038ae       0x24 c:/st/stm32cubeide_1.4.0/stm32cubeide/plugins/com.st.stm32cube.ide.mcu.externaltools.gnu-tools-for-stm32.7-2018-q2-update.win32_1.4.0.202007081208/tools/bin/../lib/gcc/arm-none-eabi/7.3.1/../../../../arm-none-eabi/lib/thumb/v7e-m/fpv4-sp/hard\libc_nano.a(lib_a-mbtowc_r.o)
                0x00000000080038ae                __ascii_mbtowc
 .text.__ascii_wctomb
                0x00000000080038d2       0x1a c:/st/stm32cubeide_1.4.0/stm32cubeide/plugins/com.st.stm32cube.ide.mcu.externaltools.gnu-tools-for-stm32.7-2018-q2-update.win32_1.4.0.202007081208/tools/bin/../lib/gcc/arm-none-eabi/7.3.1/../../../../arm-none-eabi/lib/thumb/v7e-m/fpv4-sp/hard\libc_nano.a(lib_a-wctomb_r.o)
                0x00000000080038d2                __ascii_wctomb
 *(.glue_7)
 .glue_7        0x00000000080038ec        0x0 linker stubs
 *(.glue_7t)
 .glue_7t       0x00000000080038ec        0x0 linker stubs
 *(.eh_frame)
 .eh_frame      0x00000000080038ec        0x0 c:/st/stm32cubeide_1.4.0/stm32cubeide/plugins/com.st.stm32cube.ide.mcu.externaltools.gnu-tools-for-stm32.7-2018-q2-update.win32_1.4.0.202007081208/tools/bin/../lib/gcc/arm-none-eabi/7.3.1/thumb/v7e-m/fpv4-sp/hard/crtbegin.o
 *(.init)
 .init          0x00000000080038ec        0x4 c:/st/stm32cubeide_1.4.0/stm32cubeide/plugins/com.st.stm32cube.ide.mcu.externaltools.gnu-tools-for-stm32.7-2018-q2-update.win32_1.4.0.202007081208/tools/bin/../lib/gcc/arm-none-eabi/7.3.1/thumb/v7e-m/fpv4-sp/hard/crti.o
                0x00000000080038ec                _init
 .init          0x00000000080038f0        0x8 c:/st/stm32cubeide_1.4.0/stm32cubeide/plugins/com.st.stm32cube.ide.mcu.externaltools.gnu-tools-for-stm32.7-2018-q2-update.win32_1.4.0.202007081208/tools/bin/../lib/gcc/arm-none-eabi/7.3.1/thumb/v7e-m/fpv4-sp/hard/crtn.o
 *(.fini)
 .fini          0x00000000080038f8        0x4 c:/st/stm32cubeide_1.4.0/stm32cubeide/plugins/com.st.stm32cube.ide.mcu.externaltools.gnu-tools-for-stm32.7-2018-q2-update.win32_1.4.0.202007081208/tools/bin/../lib/gcc/arm-none-eabi/7.3.1/thumb/v7e-m/fpv4-sp/hard/crti.o
                0x00000000080038f8                _fini
 .fini          0x00000000080038fc        0x8 c:/st/stm32cubeide_1.4.0/stm32cubeide/plugins/com.st.stm32cube.ide.mcu.externaltools.gnu-tools-for-stm32.7-2018-q2-update.win32_1.4.0.202007081208/tools/bin/../lib/gcc/arm-none-eabi/7.3.1/thumb/v7e-m/fpv4-sp/hard/crtn.o
                0x0000000008003904                . = ALIGN (0x4)
                0x0000000008003904                _etext = .

.vfp11_veneer   0x0000000008003904        0x0
 .vfp11_veneer  0x0000000008003904        0x0 linker stubs

.v4_bx          0x0000000008003904        0x0
 .v4_bx         0x0000000008003904        0x0 linker stubs

.iplt           0x0000000008003904        0x0
 .iplt          0x0000000008003904        0x0 c:/st/stm32cubeide_1.4.0/stm32cubeide/plugins/com.st.stm32cube.ide.mcu.externaltools.gnu-tools-for-stm32.7-2018-q2-update.win32_1.4.0.202007081208/tools/bin/../lib/gcc/arm-none-eabi/7.3.1/thumb/v7e-m/fpv4-sp/hard/crtbegin.o

.rodata         0x0000000008003904      0x134
                0x0000000008003904                . = ALIGN (0x4)
 *(.rodata)
 *(.rodata*)
 .rodata.CHANNEL_OFFSET_TAB
                0x0000000008003904        0x7 Core/Src/stm32f3xx_it.o
 *fill*         0x000000000800390b        0x1 
 .rodata.AHBPrescTable
                0x000000000800390c       0x10 Core/Src/system_stm32f3xx.o
                0x000000000800390c                AHBPrescTable
 .rodata.APBPrescTable
                0x000000000800391c        0x8 Core/Src/system_stm32f3xx.o
                0x000000000800391c                APBPrescTable
 .rodata.CHANNEL_OFFSET_TAB
                0x0000000008003924        0x7 Core/Src/usart.o
 .rodata._setlocale_r.str1.1
                0x000000000800392b        0x8 c:/st/stm32cubeide_1.4.0/stm32cubeide/plugins/com.st.stm32cube.ide.mcu.externaltools.gnu-tools-for-stm32.7-2018-q2-update.win32_1.4.0.202007081208/tools/bin/../lib/gcc/arm-none-eabi/7.3.1/../../../../arm-none-eabi/lib/thumb/v7e-m/fpv4-sp/hard\libc_nano.a(lib_a-locale.o)
                                          0x9 (size before relaxing)
 .rodata.str1.1
                0x0000000008003933        0x2 c:/st/stm32cubeide_1.4.0/stm32cubeide/plugins/com.st.stm32cube.ide.mcu.externaltools.gnu-tools-for-stm32.7-2018-q2-update.win32_1.4.0.202007081208/tools/bin/../lib/gcc/arm-none-eabi/7.3.1/../../../../arm-none-eabi/lib/thumb/v7e-m/fpv4-sp/hard\libc_nano.a(lib_a-locale.o)
 .rodata._ctype_
                0x0000000008003935      0x101 c:/st/stm32cubeide_1.4.0/stm32cubeide/plugins/com.st.stm32cube.ide.mcu.externaltools.gnu-tools-for-stm32.7-2018-q2-update.win32_1.4.0.202007081208/tools/bin/../lib/gcc/arm-none-eabi/7.3.1/../../../../arm-none-eabi/lib/thumb/v7e-m/fpv4-sp/hard\libc_nano.a(lib_a-ctype_.o)
                0x0000000008003935                _ctype_
                0x0000000008003a38                . = ALIGN (0x4)
 *fill*         0x0000000008003a36        0x2 

.rel.dyn        0x0000000008003a38        0x0
 .rel.iplt      0x0000000008003a38        0x0 c:/st/stm32cubeide_1.4.0/stm32cubeide/plugins/com.st.stm32cube.ide.mcu.externaltools.gnu-tools-for-stm32.7-2018-q2-update.win32_1.4.0.202007081208/tools/bin/../lib/gcc/arm-none-eabi/7.3.1/thumb/v7e-m/fpv4-sp/hard/crtbegin.o

.ARM.extab      0x0000000008003a38        0x0
                0x0000000008003a38                . = ALIGN (0x4)
 *(.ARM.extab* .gnu.linkonce.armextab.*)
                0x0000000008003a38                . = ALIGN (0x4)

.ARM            0x0000000008003a38        0x0
                0x0000000008003a38                . = ALIGN (0x4)
                0x0000000008003a38                __exidx_start = .
 *(.ARM.exidx*)
                0x0000000008003a38                __exidx_end = .
                0x0000000008003a38                . = ALIGN (0x4)

.preinit_array  0x0000000008003a38        0x0
                0x0000000008003a38                . = ALIGN (0x4)
                0x0000000008003a38                PROVIDE (__preinit_array_start = .)
 *(.preinit_array*)
                0x0000000008003a38                PROVIDE (__preinit_array_end = .)
                0x0000000008003a38                . = ALIGN (0x4)

.init_array     0x0000000008003a38        0x4
                0x0000000008003a38                . = ALIGN (0x4)
                0x0000000008003a38                PROVIDE (__init_array_start = .)
 *(SORT_BY_NAME(.init_array.*))
 *(.init_array*)
 .init_array    0x0000000008003a38        0x4 c:/st/stm32cubeide_1.4.0/stm32cubeide/plugins/com.st.stm32cube.ide.mcu.externaltools.gnu-tools-for-stm32.7-2018-q2-update.win32_1.4.0.202007081208/tools/bin/../lib/gcc/arm-none-eabi/7.3.1/thumb/v7e-m/fpv4-sp/hard/crtbegin.o
                0x0000000008003a3c                PROVIDE (__init_array_end = .)
                0x0000000008003a3c                . = ALIGN (0x4)

.fini_array     0x0000000008003a3c        0x4
                0x0000000008003a3c                . = ALIGN (0x4)
                [!provide]                        PROVIDE (__fini_array_start = .)
 *(SORT_BY_NAME(.fini_array.*))
 *(.fini_array*)
 .fini_array    0x0000000008003a3c        0x4 c:/st/stm32cubeide_1.4.0/stm32cubeide/plugins/com.st.stm32cube.ide.mcu.externaltools.gnu-tools-for-stm32.7-2018-q2-update.win32_1.4.0.202007081208/tools/bin/../lib/gcc/arm-none-eabi/7.3.1/thumb/v7e-m/fpv4-sp/hard/crtbegin.o
                [!provide]                        PROVIDE (__fini_array_end = .)
                0x0000000008003a40                . = ALIGN (0x4)
                0x0000000008003a40                _sidata = LOADADDR (.data)

.data           0x0000000020000000      0x1f4 load address 0x0000000008003a40
                0x0000000020000000                . = ALIGN (0x4)
                0x0000000020000000                _sdata = .
 *(.data)
 *(.data*)
 .data.mode     0x0000000020000000        0x1 Core/Src/main.o
                0x0000000020000000                mode
 .data.intensity
                0x0000000020000001        0x1 Core/Src/main.o
                0x0000000020000001                intensity
 *fill*         0x0000000020000002        0x2 
 .data.vzor_Manual.11975
                0x0000000020000004        0x7 Core/Src/main.o
 *fill*         0x000000002000000b        0x1 
 .data.vzor_Auto.11976
                0x000000002000000c        0x5 Core/Src/main.o
 *fill*         0x0000000020000011        0x3 
 .data.vzor_PWM.11977
                0x0000000020000014        0x4 Core/Src/main.o
 .data.SystemCoreClock
                0x0000000020000018        0x4 Core/Src/system_stm32f3xx.o
                0x0000000020000018                SystemCoreClock
 .data.uwTickPrio
                0x000000002000001c        0x4 Drivers/STM32F3xx_HAL_Driver/Src/stm32f3xx_hal.o
                0x000000002000001c                uwTickPrio
 .data.uwTickFreq
                0x0000000020000020        0x1 Drivers/STM32F3xx_HAL_Driver/Src/stm32f3xx_hal.o
                0x0000000020000020                uwTickFreq
 *fill*         0x0000000020000021        0x3 
 .data._impure_ptr
                0x0000000020000024        0x4 c:/st/stm32cubeide_1.4.0/stm32cubeide/plugins/com.st.stm32cube.ide.mcu.externaltools.gnu-tools-for-stm32.7-2018-q2-update.win32_1.4.0.202007081208/tools/bin/../lib/gcc/arm-none-eabi/7.3.1/../../../../arm-none-eabi/lib/thumb/v7e-m/fpv4-sp/hard\libc_nano.a(lib_a-impure.o)
                0x0000000020000024                _impure_ptr
 .data.impure_data
                0x0000000020000028       0x60 c:/st/stm32cubeide_1.4.0/stm32cubeide/plugins/com.st.stm32cube.ide.mcu.externaltools.gnu-tools-for-stm32.7-2018-q2-update.win32_1.4.0.202007081208/tools/bin/../lib/gcc/arm-none-eabi/7.3.1/../../../../arm-none-eabi/lib/thumb/v7e-m/fpv4-sp/hard\libc_nano.a(lib_a-impure.o)
 .data.__global_locale
                0x0000000020000088      0x16c c:/st/stm32cubeide_1.4.0/stm32cubeide/plugins/com.st.stm32cube.ide.mcu.externaltools.gnu-tools-for-stm32.7-2018-q2-update.win32_1.4.0.202007081208/tools/bin/../lib/gcc/arm-none-eabi/7.3.1/../../../../arm-none-eabi/lib/thumb/v7e-m/fpv4-sp/hard\libc_nano.a(lib_a-locale.o)
                0x0000000020000088                __global_locale
                0x00000000200001f4                . = ALIGN (0x4)
                0x00000000200001f4                _edata = .

.igot.plt       0x00000000200001f4        0x0 load address 0x0000000008003c34
 .igot.plt      0x00000000200001f4        0x0 c:/st/stm32cubeide_1.4.0/stm32cubeide/plugins/com.st.stm32cube.ide.mcu.externaltools.gnu-tools-for-stm32.7-2018-q2-update.win32_1.4.0.202007081208/tools/bin/../lib/gcc/arm-none-eabi/7.3.1/thumb/v7e-m/fpv4-sp/hard/crtbegin.o
                0x00000000200001f4                . = ALIGN (0x4)

.bss            0x00000000200001f4      0x1d0 load address 0x0000000008003c34
                0x00000000200001f4                _sbss = .
                0x00000000200001f4                __bss_start__ = _sbss
 *(.bss)
 .bss           0x00000000200001f4       0x1c c:/st/stm32cubeide_1.4.0/stm32cubeide/plugins/com.st.stm32cube.ide.mcu.externaltools.gnu-tools-for-stm32.7-2018-q2-update.win32_1.4.0.202007081208/tools/bin/../lib/gcc/arm-none-eabi/7.3.1/thumb/v7e-m/fpv4-sp/hard/crtbegin.o
 *(.bss*)
 .bss.start_flag
                0x0000000020000210        0x1 Core/Src/main.o
 .bss.index_buffera
                0x0000000020000211        0x1 Core/Src/main.o
                0x0000000020000211                index_buffera
 .bss.led_State
                0x0000000020000212        0x1 Core/Src/stm32f3xx_it.o
                0x0000000020000212                led_State
 .bss.led_Value
                0x0000000020000213        0x1 Core/Src/stm32f3xx_it.o
                0x0000000020000213                led_Value
 .bss.USART2_ProcessData
                0x0000000020000214        0x4 Core/Src/usart.o
 .bss.old_pos.9827
                0x0000000020000218        0x2 Core/Src/usart.o
 *(COMMON)
 *fill*         0x000000002000021a        0x2 
 COMMON         0x000000002000021c       0x23 Core/Src/main.o
                0x000000002000021c                buffer
 *fill*         0x000000002000023f        0x1 
 COMMON         0x0000000020000240       0x80 Core/Src/tim.o
                0x0000000020000240                htim3
                0x0000000020000280                htim2
 COMMON         0x00000000200002c0      0x100 Core/Src/usart.o
                0x00000000200002c0                bufferUSART2dma
 COMMON         0x00000000200003c0        0x4 Drivers/STM32F3xx_HAL_Driver/Src/stm32f3xx_hal.o
                0x00000000200003c0                uwTick
                0x00000000200003c4                . = ALIGN (0x4)
                0x00000000200003c4                _ebss = .
                0x00000000200003c4                __bss_end__ = _ebss

._user_heap_stack
                0x00000000200003c4      0x604 load address 0x0000000008003c34
                0x00000000200003c8                . = ALIGN (0x8)
 *fill*         0x00000000200003c4        0x4 
                [!provide]                        PROVIDE (end = .)
                0x00000000200003c8                PROVIDE (_end = .)
                0x00000000200005c8                . = (. + _Min_Heap_Size)
 *fill*         0x00000000200003c8      0x200 
                0x00000000200009c8                . = (. + _Min_Stack_Size)
 *fill*         0x00000000200005c8      0x400 
                0x00000000200009c8                . = ALIGN (0x8)

/DISCARD/
 libc.a(*)
 libm.a(*)
 libgcc.a(*)

.ARM.attributes
                0x0000000000000000       0x30
 *(.ARM.attributes)
 .ARM.attributes
                0x0000000000000000       0x22 c:/st/stm32cubeide_1.4.0/stm32cubeide/plugins/com.st.stm32cube.ide.mcu.externaltools.gnu-tools-for-stm32.7-2018-q2-update.win32_1.4.0.202007081208/tools/bin/../lib/gcc/arm-none-eabi/7.3.1/thumb/v7e-m/fpv4-sp/hard/crti.o
 .ARM.attributes
                0x0000000000000022       0x34 c:/st/stm32cubeide_1.4.0/stm32cubeide/plugins/com.st.stm32cube.ide.mcu.externaltools.gnu-tools-for-stm32.7-2018-q2-update.win32_1.4.0.202007081208/tools/bin/../lib/gcc/arm-none-eabi/7.3.1/thumb/v7e-m/fpv4-sp/hard/crtbegin.o
 .ARM.attributes
                0x0000000000000056       0x39 Core/Src/dma.o
 .ARM.attributes
                0x000000000000008f       0x39 Core/Src/gpio.o
 .ARM.attributes
                0x00000000000000c8       0x39 Core/Src/main.o
 .ARM.attributes
                0x0000000000000101       0x39 Core/Src/stm32f3xx_hal_msp.o
 .ARM.attributes
                0x000000000000013a       0x39 Core/Src/stm32f3xx_it.o
 .ARM.attributes
                0x0000000000000173       0x39 Core/Src/system_stm32f3xx.o
 .ARM.attributes
                0x00000000000001ac       0x39 Core/Src/tim.o
 .ARM.attributes
                0x00000000000001e5       0x39 Core/Src/usart.o
 .ARM.attributes
                0x000000000000021e       0x21 Core/Startup/startup_stm32f303k8tx.o
 .ARM.attributes
                0x000000000000023f       0x39 Drivers/STM32F3xx_HAL_Driver/Src/stm32f3xx_hal.o
 .ARM.attributes
                0x0000000000000278       0x39 Drivers/STM32F3xx_HAL_Driver/Src/stm32f3xx_hal_cortex.o
 .ARM.attributes
                0x00000000000002b1       0x39 Drivers/STM32F3xx_HAL_Driver/Src/stm32f3xx_hal_gpio.o
 .ARM.attributes
                0x00000000000002ea       0x39 Drivers/STM32F3xx_HAL_Driver/Src/stm32f3xx_hal_tim.o
 .ARM.attributes
                0x0000000000000323       0x39 Drivers/STM32F3xx_HAL_Driver/Src/stm32f3xx_hal_tim_ex.o
 .ARM.attributes
                0x000000000000035c       0x39 Drivers/STM32F3xx_HAL_Driver/Src/stm32f3xx_ll_gpio.o
 .ARM.attributes
                0x0000000000000395       0x39 Drivers/STM32F3xx_HAL_Driver/Src/stm32f3xx_ll_rcc.o
 .ARM.attributes
                0x00000000000003ce       0x39 Drivers/STM32F3xx_HAL_Driver/Src/stm32f3xx_ll_usart.o
 .ARM.attributes
                0x0000000000000407       0x39 Drivers/STM32F3xx_HAL_Driver/Src/stm32f3xx_ll_utils.o
 .ARM.attributes
                0x0000000000000440       0x34 c:/st/stm32cubeide_1.4.0/stm32cubeide/plugins/com.st.stm32cube.ide.mcu.externaltools.gnu-tools-for-stm32.7-2018-q2-update.win32_1.4.0.202007081208/tools/bin/../lib/gcc/arm-none-eabi/7.3.1/../../../../arm-none-eabi/lib/thumb/v7e-m/fpv4-sp/hard\libc_nano.a(lib_a-atoi.o)
 .ARM.attributes
                0x0000000000000474       0x34 c:/st/stm32cubeide_1.4.0/stm32cubeide/plugins/com.st.stm32cube.ide.mcu.externaltools.gnu-tools-for-stm32.7-2018-q2-update.win32_1.4.0.202007081208/tools/bin/../lib/gcc/arm-none-eabi/7.3.1/../../../../arm-none-eabi/lib/thumb/v7e-m/fpv4-sp/hard\libc_nano.a(lib_a-impure.o)
 .ARM.attributes
                0x00000000000004a8       0x34 c:/st/stm32cubeide_1.4.0/stm32cubeide/plugins/com.st.stm32cube.ide.mcu.externaltools.gnu-tools-for-stm32.7-2018-q2-update.win32_1.4.0.202007081208/tools/bin/../lib/gcc/arm-none-eabi/7.3.1/../../../../arm-none-eabi/lib/thumb/v7e-m/fpv4-sp/hard\libc_nano.a(lib_a-init.o)
 .ARM.attributes
                0x00000000000004dc       0x34 c:/st/stm32cubeide_1.4.0/stm32cubeide/plugins/com.st.stm32cube.ide.mcu.externaltools.gnu-tools-for-stm32.7-2018-q2-update.win32_1.4.0.202007081208/tools/bin/../lib/gcc/arm-none-eabi/7.3.1/../../../../arm-none-eabi/lib/thumb/v7e-m/fpv4-sp/hard\libc_nano.a(lib_a-memset.o)
 .ARM.attributes
                0x0000000000000510       0x20 c:/st/stm32cubeide_1.4.0/stm32cubeide/plugins/com.st.stm32cube.ide.mcu.externaltools.gnu-tools-for-stm32.7-2018-q2-update.win32_1.4.0.202007081208/tools/bin/../lib/gcc/arm-none-eabi/7.3.1/../../../../arm-none-eabi/lib/thumb/v7e-m/fpv4-sp/hard\libc_nano.a(lib_a-strcmp.o)
 .ARM.attributes
                0x0000000000000530       0x34 c:/st/stm32cubeide_1.4.0/stm32cubeide/plugins/com.st.stm32cube.ide.mcu.externaltools.gnu-tools-for-stm32.7-2018-q2-update.win32_1.4.0.202007081208/tools/bin/../lib/gcc/arm-none-eabi/7.3.1/../../../../arm-none-eabi/lib/thumb/v7e-m/fpv4-sp/hard\libc_nano.a(lib_a-strtol.o)
 .ARM.attributes
                0x0000000000000564       0x34 c:/st/stm32cubeide_1.4.0/stm32cubeide/plugins/com.st.stm32cube.ide.mcu.externaltools.gnu-tools-for-stm32.7-2018-q2-update.win32_1.4.0.202007081208/tools/bin/../lib/gcc/arm-none-eabi/7.3.1/../../../../arm-none-eabi/lib/thumb/v7e-m/fpv4-sp/hard\libc_nano.a(lib_a-locale.o)
 .ARM.attributes
                0x0000000000000598       0x34 c:/st/stm32cubeide_1.4.0/stm32cubeide/plugins/com.st.stm32cube.ide.mcu.externaltools.gnu-tools-for-stm32.7-2018-q2-update.win32_1.4.0.202007081208/tools/bin/../lib/gcc/arm-none-eabi/7.3.1/../../../../arm-none-eabi/lib/thumb/v7e-m/fpv4-sp/hard\libc_nano.a(lib_a-mbtowc_r.o)
 .ARM.attributes
                0x00000000000005cc       0x34 c:/st/stm32cubeide_1.4.0/stm32cubeide/plugins/com.st.stm32cube.ide.mcu.externaltools.gnu-tools-for-stm32.7-2018-q2-update.win32_1.4.0.202007081208/tools/bin/../lib/gcc/arm-none-eabi/7.3.1/../../../../arm-none-eabi/lib/thumb/v7e-m/fpv4-sp/hard\libc_nano.a(lib_a-wctomb_r.o)
 .ARM.attributes
                0x0000000000000600       0x34 c:/st/stm32cubeide_1.4.0/stm32cubeide/plugins/com.st.stm32cube.ide.mcu.externaltools.gnu-tools-for-stm32.7-2018-q2-update.win32_1.4.0.202007081208/tools/bin/../lib/gcc/arm-none-eabi/7.3.1/../../../../arm-none-eabi/lib/thumb/v7e-m/fpv4-sp/hard\libc_nano.a(lib_a-ctype_.o)
 .ARM.attributes
                0x0000000000000634       0x22 c:/st/stm32cubeide_1.4.0/stm32cubeide/plugins/com.st.stm32cube.ide.mcu.externaltools.gnu-tools-for-stm32.7-2018-q2-update.win32_1.4.0.202007081208/tools/bin/../lib/gcc/arm-none-eabi/7.3.1/thumb/v7e-m/fpv4-sp/hard/crtn.o
OUTPUT(cv_10_v5.elf elf32-littlearm)

.debug_info     0x0000000000000000     0xbd1b
 .debug_info    0x0000000000000000      0x79c Core/Src/dma.o
 .debug_info    0x000000000000079c      0x29a Core/Src/gpio.o
 .debug_info    0x0000000000000a36     0x132b Core/Src/main.o
 .debug_info    0x0000000000001d61      0x29e Core/Src/stm32f3xx_hal_msp.o
 .debug_info    0x0000000000001fff      0xa1c Core/Src/stm32f3xx_it.o
 .debug_info    0x0000000000002a1b      0x45c Core/Src/system_stm32f3xx.o
 .debug_info    0x0000000000002e77      0xbe3 Core/Src/tim.o
 .debug_info    0x0000000000003a5a     0x10eb Core/Src/usart.o
 .debug_info    0x0000000000004b45       0x22 Core/Startup/startup_stm32f303k8tx.o
 .debug_info    0x0000000000004b67      0x758 Drivers/STM32F3xx_HAL_Driver/Src/stm32f3xx_hal.o
 .debug_info    0x00000000000052bf      0xb54 Drivers/STM32F3xx_HAL_Driver/Src/stm32f3xx_hal_cortex.o
 .debug_info    0x0000000000005e13      0x7c1 Drivers/STM32F3xx_HAL_Driver/Src/stm32f3xx_hal_gpio.o
 .debug_info    0x00000000000065d4     0x2648 Drivers/STM32F3xx_HAL_Driver/Src/stm32f3xx_hal_tim.o
 .debug_info    0x0000000000008c1c     0x11d7 Drivers/STM32F3xx_HAL_Driver/Src/stm32f3xx_hal_tim_ex.o
 .debug_info    0x0000000000009df3      0x83e Drivers/STM32F3xx_HAL_Driver/Src/stm32f3xx_ll_gpio.o
 .debug_info    0x000000000000a631      0x760 Drivers/STM32F3xx_HAL_Driver/Src/stm32f3xx_ll_rcc.o
 .debug_info    0x000000000000ad91      0x71b Drivers/STM32F3xx_HAL_Driver/Src/stm32f3xx_ll_usart.o
 .debug_info    0x000000000000b4ac      0x86f Drivers/STM32F3xx_HAL_Driver/Src/stm32f3xx_ll_utils.o

.debug_abbrev   0x0000000000000000     0x210e
 .debug_abbrev  0x0000000000000000      0x19a Core/Src/dma.o
 .debug_abbrev  0x000000000000019a      0x129 Core/Src/gpio.o
 .debug_abbrev  0x00000000000002c3      0x2e0 Core/Src/main.o
 .debug_abbrev  0x00000000000005a3      0x109 Core/Src/stm32f3xx_hal_msp.o
 .debug_abbrev  0x00000000000006ac      0x1f2 Core/Src/stm32f3xx_it.o
 .debug_abbrev  0x000000000000089e      0x12b Core/Src/system_stm32f3xx.o
 .debug_abbrev  0x00000000000009c9      0x1b3 Core/Src/tim.o
 .debug_abbrev  0x0000000000000b7c      0x24a Core/Src/usart.o
 .debug_abbrev  0x0000000000000dc6       0x12 Core/Startup/startup_stm32f303k8tx.o
 .debug_abbrev  0x0000000000000dd8      0x1c7 Drivers/STM32F3xx_HAL_Driver/Src/stm32f3xx_hal.o
 .debug_abbrev  0x0000000000000f9f      0x2d5 Drivers/STM32F3xx_HAL_Driver/Src/stm32f3xx_hal_cortex.o
 .debug_abbrev  0x0000000000001274      0x1c0 Drivers/STM32F3xx_HAL_Driver/Src/stm32f3xx_hal_gpio.o
 .debug_abbrev  0x0000000000001434      0x230 Drivers/STM32F3xx_HAL_Driver/Src/stm32f3xx_hal_tim.o
 .debug_abbrev  0x0000000000001664      0x21e Drivers/STM32F3xx_HAL_Driver/Src/stm32f3xx_hal_tim_ex.o
 .debug_abbrev  0x0000000000001882      0x212 Drivers/STM32F3xx_HAL_Driver/Src/stm32f3xx_ll_gpio.o
 .debug_abbrev  0x0000000000001a94      0x238 Drivers/STM32F3xx_HAL_Driver/Src/stm32f3xx_ll_rcc.o
 .debug_abbrev  0x0000000000001ccc      0x1b1 Drivers/STM32F3xx_HAL_Driver/Src/stm32f3xx_ll_usart.o
 .debug_abbrev  0x0000000000001e7d      0x291 Drivers/STM32F3xx_HAL_Driver/Src/stm32f3xx_ll_utils.o

.debug_aranges  0x0000000000000000      0xdf0
 .debug_aranges
                0x0000000000000000       0x48 Core/Src/dma.o
 .debug_aranges
                0x0000000000000048       0x28 Core/Src/gpio.o
 .debug_aranges
                0x0000000000000070       0x90 Core/Src/main.o
 .debug_aranges
                0x0000000000000100       0x20 Core/Src/stm32f3xx_hal_msp.o
 .debug_aranges
                0x0000000000000120       0xd8 Core/Src/stm32f3xx_it.o
 .debug_aranges
                0x00000000000001f8       0x28 Core/Src/system_stm32f3xx.o
 .debug_aranges
                0x0000000000000220       0x40 Core/Src/tim.o
 .debug_aranges
                0x0000000000000260      0x120 Core/Src/usart.o
 .debug_aranges
                0x0000000000000380       0x28 Core/Startup/startup_stm32f303k8tx.o
 .debug_aranges
                0x00000000000003a8       0xe0 Drivers/STM32F3xx_HAL_Driver/Src/stm32f3xx_hal.o
 .debug_aranges
                0x0000000000000488      0x100 Drivers/STM32F3xx_HAL_Driver/Src/stm32f3xx_hal_cortex.o
 .debug_aranges
                0x0000000000000588       0x58 Drivers/STM32F3xx_HAL_Driver/Src/stm32f3xx_hal_gpio.o
 .debug_aranges
                0x00000000000005e0      0x3c8 Drivers/STM32F3xx_HAL_Driver/Src/stm32f3xx_hal_tim.o
 .debug_aranges
                0x00000000000009a8      0x160 Drivers/STM32F3xx_HAL_Driver/Src/stm32f3xx_hal_tim_ex.o
 .debug_aranges
                0x0000000000000b08       0x70 Drivers/STM32F3xx_HAL_Driver/Src/stm32f3xx_ll_gpio.o
 .debug_aranges
                0x0000000000000b78      0x100 Drivers/STM32F3xx_HAL_Driver/Src/stm32f3xx_ll_rcc.o
 .debug_aranges
                0x0000000000000c78       0x88 Drivers/STM32F3xx_HAL_Driver/Src/stm32f3xx_ll_usart.o
 .debug_aranges
                0x0000000000000d00       0xf0 Drivers/STM32F3xx_HAL_Driver/Src/stm32f3xx_ll_utils.o

.debug_ranges   0x0000000000000000      0xcd8
 .debug_ranges  0x0000000000000000       0x38 Core/Src/dma.o
 .debug_ranges  0x0000000000000038       0x18 Core/Src/gpio.o
 .debug_ranges  0x0000000000000050       0x80 Core/Src/main.o
 .debug_ranges  0x00000000000000d0       0x10 Core/Src/stm32f3xx_hal_msp.o
 .debug_ranges  0x00000000000000e0       0xc8 Core/Src/stm32f3xx_it.o
 .debug_ranges  0x00000000000001a8       0x18 Core/Src/system_stm32f3xx.o
 .debug_ranges  0x00000000000001c0       0x30 Core/Src/tim.o
 .debug_ranges  0x00000000000001f0      0x110 Core/Src/usart.o
 .debug_ranges  0x0000000000000300       0x20 Core/Startup/startup_stm32f303k8tx.o
 .debug_ranges  0x0000000000000320       0xd0 Drivers/STM32F3xx_HAL_Driver/Src/stm32f3xx_hal.o
 .debug_ranges  0x00000000000003f0       0xf0 Drivers/STM32F3xx_HAL_Driver/Src/stm32f3xx_hal_cortex.o
 .debug_ranges  0x00000000000004e0       0x48 Drivers/STM32F3xx_HAL_Driver/Src/stm32f3xx_hal_gpio.o
 .debug_ranges  0x0000000000000528      0x3b8 Drivers/STM32F3xx_HAL_Driver/Src/stm32f3xx_hal_tim.o
 .debug_ranges  0x00000000000008e0      0x150 Drivers/STM32F3xx_HAL_Driver/Src/stm32f3xx_hal_tim_ex.o
 .debug_ranges  0x0000000000000a30       0x60 Drivers/STM32F3xx_HAL_Driver/Src/stm32f3xx_ll_gpio.o
 .debug_ranges  0x0000000000000a90       0xf0 Drivers/STM32F3xx_HAL_Driver/Src/stm32f3xx_ll_rcc.o
 .debug_ranges  0x0000000000000b80       0x78 Drivers/STM32F3xx_HAL_Driver/Src/stm32f3xx_ll_usart.o
 .debug_ranges  0x0000000000000bf8       0xe0 Drivers/STM32F3xx_HAL_Driver/Src/stm32f3xx_ll_utils.o

.debug_macro    0x0000000000000000    0x19e5e
 .debug_macro   0x0000000000000000      0x217 Core/Src/dma.o
 .debug_macro   0x0000000000000217      0xa60 Core/Src/dma.o
 .debug_macro   0x0000000000000c77      0x151 Core/Src/dma.o
 .debug_macro   0x0000000000000dc8       0x2e Core/Src/dma.o
 .debug_macro   0x0000000000000df6       0x28 Core/Src/dma.o
 .debug_macro   0x0000000000000e1e       0x22 Core/Src/dma.o
 .debug_macro   0x0000000000000e40       0x8e Core/Src/dma.o
 .debug_macro   0x0000000000000ece       0x51 Core/Src/dma.o
 .debug_macro   0x0000000000000f1f       0xef Core/Src/dma.o
 .debug_macro   0x000000000000100e       0x6a Core/Src/dma.o
 .debug_macro   0x0000000000001078      0x1df Core/Src/dma.o
 .debug_macro   0x0000000000001257       0x1c Core/Src/dma.o
 .debug_macro   0x0000000000001273       0x22 Core/Src/dma.o
 .debug_macro   0x0000000000001295       0xdf Core/Src/dma.o
 .debug_macro   0x0000000000001374      0xf07 Core/Src/dma.o
 .debug_macro   0x000000000000227b    0x10bd9 Core/Src/dma.o
 .debug_macro   0x0000000000012e54       0x43 Core/Src/dma.o
 .debug_macro   0x0000000000012e97      0x174 Core/Src/dma.o
 .debug_macro   0x000000000001300b       0x53 Core/Src/dma.o
 .debug_macro   0x000000000001305e      0x8f9 Core/Src/dma.o
 .debug_macro   0x0000000000013957      0x304 Core/Src/dma.o
 .debug_macro   0x0000000000013c5b      0x12f Core/Src/dma.o
 .debug_macro   0x0000000000013d8a      0x11b Core/Src/dma.o
 .debug_macro   0x0000000000013ea5      0x1d5 Core/Src/dma.o
 .debug_macro   0x000000000001407a      0x1bc Core/Src/dma.o
 .debug_macro   0x0000000000014236       0x34 Core/Src/dma.o
 .debug_macro   0x000000000001426a       0x3c Core/Src/dma.o
 .debug_macro   0x00000000000142a6       0x57 Core/Src/dma.o
 .debug_macro   0x00000000000142fd       0xc5 Core/Src/dma.o
 .debug_macro   0x00000000000143c2      0x19f Core/Src/dma.o
 .debug_macro   0x0000000000014561      0x22c Core/Src/dma.o
 .debug_macro   0x000000000001478d       0x5b Core/Src/dma.o
 .debug_macro   0x00000000000147e8       0xa5 Core/Src/dma.o
 .debug_macro   0x000000000001488d       0x81 Core/Src/dma.o
 .debug_macro   0x000000000001490e       0xd3 Core/Src/dma.o
 .debug_macro   0x00000000000149e1      0x9e9 Core/Src/dma.o
 .debug_macro   0x00000000000153ca       0x59 Core/Src/dma.o
 .debug_macro   0x0000000000015423      0x285 Core/Src/dma.o
 .debug_macro   0x00000000000156a8      0x287 Core/Src/dma.o
 .debug_macro   0x000000000001592f      0x4c2 Core/Src/dma.o
 .debug_macro   0x0000000000015df1       0xe1 Core/Src/dma.o
 .debug_macro   0x0000000000015ed2      0x29f Core/Src/dma.o
 .debug_macro   0x0000000000016171       0xfe Core/Src/dma.o
 .debug_macro   0x000000000001626f       0x28 Core/Src/dma.o
 .debug_macro   0x0000000000016297       0x30 Core/Src/dma.o
 .debug_macro   0x00000000000162c7       0xa8 Core/Src/dma.o
 .debug_macro   0x000000000001636f      0x2f7 Core/Src/dma.o
 .debug_macro   0x0000000000016666      0x142 Core/Src/dma.o
 .debug_macro   0x00000000000167a8      0x217 Core/Src/gpio.o
 .debug_macro   0x00000000000169bf      0x405 Core/Src/main.o
 .debug_macro   0x0000000000016dc4       0x10 Core/Src/main.o
 .debug_macro   0x0000000000016dd4       0x46 Core/Src/main.o
 .debug_macro   0x0000000000016e1a       0x18 Core/Src/main.o
 .debug_macro   0x0000000000016e32       0x3c Core/Src/main.o
 .debug_macro   0x0000000000016e6e       0x34 Core/Src/main.o
 .debug_macro   0x0000000000016ea2       0x52 Core/Src/main.o
 .debug_macro   0x0000000000016ef4       0x1f Core/Src/main.o
 .debug_macro   0x0000000000016f13       0x43 Core/Src/main.o
 .debug_macro   0x0000000000016f56       0x20 Core/Src/main.o
 .debug_macro   0x0000000000016f76      0x1a3 Core/Src/main.o
 .debug_macro   0x0000000000017119      0x32a Core/Src/main.o
 .debug_macro   0x0000000000017443       0x10 Core/Src/main.o
 .debug_macro   0x0000000000017453       0x35 Core/Src/main.o
 .debug_macro   0x0000000000017488       0x20 Core/Src/main.o
 .debug_macro   0x00000000000174a8      0x1e1 Core/Src/main.o
 .debug_macro   0x0000000000017689       0x16 Core/Src/main.o
 .debug_macro   0x000000000001769f       0x16 Core/Src/main.o
 .debug_macro   0x00000000000176b5       0x29 Core/Src/main.o
 .debug_macro   0x00000000000176de       0x1c Core/Src/main.o
 .debug_macro   0x00000000000176fa       0x10 Core/Src/main.o
 .debug_macro   0x000000000001770a       0x10 Core/Src/main.o
 .debug_macro   0x000000000001771a       0x1c Core/Src/main.o
 .debug_macro   0x0000000000017736       0x52 Core/Src/main.o
 .debug_macro   0x0000000000017788       0x40 Core/Src/main.o
 .debug_macro   0x00000000000177c8       0x10 Core/Src/main.o
 .debug_macro   0x00000000000177d8       0x40 Core/Src/main.o
 .debug_macro   0x0000000000017818       0xd7 Core/Src/main.o
 .debug_macro   0x00000000000178ef       0x1c Core/Src/main.o
 .debug_macro   0x000000000001790b       0x3d Core/Src/main.o
 .debug_macro   0x0000000000017948       0x16 Core/Src/main.o
 .debug_macro   0x000000000001795e      0x145 Core/Src/main.o
 .debug_macro   0x0000000000017aa3      0x20d Core/Src/stm32f3xx_hal_msp.o
 .debug_macro   0x0000000000017cb0      0x22b Core/Src/stm32f3xx_it.o
 .debug_macro   0x0000000000017edb      0x1af Core/Src/system_stm32f3xx.o
 .debug_macro   0x000000000001808a      0x217 Core/Src/tim.o
 .debug_macro   0x00000000000182a1      0x21d Core/Src/usart.o
 .debug_macro   0x00000000000184be      0x1cd Drivers/STM32F3xx_HAL_Driver/Src/stm32f3xx_hal.o
 .debug_macro   0x000000000001868b      0x1a9 Drivers/STM32F3xx_HAL_Driver/Src/stm32f3xx_hal_cortex.o
 .debug_macro   0x0000000000018834      0x1e1 Drivers/STM32F3xx_HAL_Driver/Src/stm32f3xx_hal_gpio.o
 .debug_macro   0x0000000000018a15      0x1aa Drivers/STM32F3xx_HAL_Driver/Src/stm32f3xx_hal_tim.o
 .debug_macro   0x0000000000018bbf      0x1a9 Drivers/STM32F3xx_HAL_Driver/Src/stm32f3xx_hal_tim_ex.o
 .debug_macro   0x0000000000018d68      0x1eb Drivers/STM32F3xx_HAL_Driver/Src/stm32f3xx_ll_gpio.o
 .debug_macro   0x0000000000018f53      0x13c Drivers/STM32F3xx_HAL_Driver/Src/stm32f3xx_ll_gpio.o
 .debug_macro   0x000000000001908f      0x1dd Drivers/STM32F3xx_HAL_Driver/Src/stm32f3xx_ll_rcc.o
 .debug_macro   0x000000000001926c      0x4bc Drivers/STM32F3xx_HAL_Driver/Src/stm32f3xx_ll_rcc.o
 .debug_macro   0x0000000000019728      0x21e Drivers/STM32F3xx_HAL_Driver/Src/stm32f3xx_ll_usart.o
 .debug_macro   0x0000000000019946      0x2f1 Drivers/STM32F3xx_HAL_Driver/Src/stm32f3xx_ll_usart.o
 .debug_macro   0x0000000000019c37      0x227 Drivers/STM32F3xx_HAL_Driver/Src/stm32f3xx_ll_utils.o

.debug_line     0x0000000000000000     0xa797
 .debug_line    0x0000000000000000      0x7d8 Core/Src/dma.o
 .debug_line    0x00000000000007d8      0x762 Core/Src/gpio.o
 .debug_line    0x0000000000000f3a      0xb0a Core/Src/main.o
 .debug_line    0x0000000000001a44      0x751 Core/Src/stm32f3xx_hal_msp.o
 .debug_line    0x0000000000002195      0x973 Core/Src/stm32f3xx_it.o
 .debug_line    0x0000000000002b08      0x687 Core/Src/system_stm32f3xx.o
 .debug_line    0x000000000000318f      0x7e3 Core/Src/tim.o
 .debug_line    0x0000000000003972      0xa3d Core/Src/usart.o
 .debug_line    0x00000000000043af       0x85 Core/Startup/startup_stm32f303k8tx.o
 .debug_line    0x0000000000004434      0x844 Drivers/STM32F3xx_HAL_Driver/Src/stm32f3xx_hal.o
 .debug_line    0x0000000000004c78      0x91b Drivers/STM32F3xx_HAL_Driver/Src/stm32f3xx_hal_cortex.o
 .debug_line    0x0000000000005593      0x7e3 Drivers/STM32F3xx_HAL_Driver/Src/stm32f3xx_hal_gpio.o
 .debug_line    0x0000000000005d76     0x1a6f Drivers/STM32F3xx_HAL_Driver/Src/stm32f3xx_hal_tim.o
 .debug_line    0x00000000000077e5      0xcf2 Drivers/STM32F3xx_HAL_Driver/Src/stm32f3xx_hal_tim_ex.o
 .debug_line    0x00000000000084d7      0x84a Drivers/STM32F3xx_HAL_Driver/Src/stm32f3xx_ll_gpio.o
 .debug_line    0x0000000000008d21      0x926 Drivers/STM32F3xx_HAL_Driver/Src/stm32f3xx_ll_rcc.o
 .debug_line    0x0000000000009647      0x80b Drivers/STM32F3xx_HAL_Driver/Src/stm32f3xx_ll_usart.o
 .debug_line    0x0000000000009e52      0x945 Drivers/STM32F3xx_HAL_Driver/Src/stm32f3xx_ll_utils.o

.debug_str      0x0000000000000000    0x9059e
 .debug_str     0x0000000000000000    0x8708e Core/Src/dma.o
                                      0x875a7 (size before relaxing)
 .debug_str     0x000000000008708e       0x2a Core/Src/gpio.o
                                      0x87145 (size before relaxing)
 .debug_str     0x00000000000870b8     0x4ff3 Core/Src/main.o
                                      0x8c246 (size before relaxing)
 .debug_str     0x000000000008c0ab       0x2c Core/Src/stm32f3xx_hal_msp.o
                                      0x87126 (size before relaxing)
 .debug_str     0x000000000008c0d7      0x24c Core/Src/stm32f3xx_it.o
                                      0x87745 (size before relaxing)
 .debug_str     0x000000000008c323       0x73 Core/Src/system_stm32f3xx.o
                                      0x7f961 (size before relaxing)
 .debug_str     0x000000000008c396      0x1e2 Core/Src/tim.o
                                      0x87a31 (size before relaxing)
 .debug_str     0x000000000008c578      0x3e7 Core/Src/usart.o
                                      0x87a4c (size before relaxing)
 .debug_str     0x000000000008c95f       0x36 Core/Startup/startup_stm32f303k8tx.o
                                         0x66 (size before relaxing)
 .debug_str     0x000000000008c995      0x3b5 Drivers/STM32F3xx_HAL_Driver/Src/stm32f3xx_hal.o
                                      0x7ff9b (size before relaxing)
 .debug_str     0x000000000008cd4a      0x20f Drivers/STM32F3xx_HAL_Driver/Src/stm32f3xx_hal_cortex.o
                                      0x7ff7c (size before relaxing)
 .debug_str     0x000000000008cf59      0x294 Drivers/STM32F3xx_HAL_Driver/Src/stm32f3xx_hal_gpio.o
                                      0x7fc25 (size before relaxing)
 .debug_str     0x000000000008d1ed      0xd9b Drivers/STM32F3xx_HAL_Driver/Src/stm32f3xx_hal_tim.o
                                      0x80b4e (size before relaxing)
 .debug_str     0x000000000008df88      0x591 Drivers/STM32F3xx_HAL_Driver/Src/stm32f3xx_hal_tim_ex.o
                                      0x80355 (size before relaxing)
 .debug_str     0x000000000008e519      0x649 Drivers/STM32F3xx_HAL_Driver/Src/stm32f3xx_ll_gpio.o
                                      0x80c92 (size before relaxing)
 .debug_str     0x000000000008eb62      0x4fd Drivers/STM32F3xx_HAL_Driver/Src/stm32f3xx_ll_rcc.o
                                      0x820e4 (size before relaxing)
 .debug_str     0x000000000008f05f      0x89f Drivers/STM32F3xx_HAL_Driver/Src/stm32f3xx_ll_usart.o
                                      0x83bf9 (size before relaxing)
 .debug_str     0x000000000008f8fe      0xca0 Drivers/STM32F3xx_HAL_Driver/Src/stm32f3xx_ll_utils.o
                                      0x84954 (size before relaxing)

.comment        0x0000000000000000       0x7b
 .comment       0x0000000000000000       0x7b Core/Src/dma.o
                                         0x7c (size before relaxing)
 .comment       0x000000000000007b       0x7c Core/Src/gpio.o
 .comment       0x000000000000007b       0x7c Core/Src/main.o
 .comment       0x000000000000007b       0x7c Core/Src/stm32f3xx_hal_msp.o
 .comment       0x000000000000007b       0x7c Core/Src/stm32f3xx_it.o
 .comment       0x000000000000007b       0x7c Core/Src/system_stm32f3xx.o
 .comment       0x000000000000007b       0x7c Core/Src/tim.o
 .comment       0x000000000000007b       0x7c Core/Src/usart.o
 .comment       0x000000000000007b       0x7c Drivers/STM32F3xx_HAL_Driver/Src/stm32f3xx_hal.o
 .comment       0x000000000000007b       0x7c Drivers/STM32F3xx_HAL_Driver/Src/stm32f3xx_hal_cortex.o
 .comment       0x000000000000007b       0x7c Drivers/STM32F3xx_HAL_Driver/Src/stm32f3xx_hal_gpio.o
 .comment       0x000000000000007b       0x7c Drivers/STM32F3xx_HAL_Driver/Src/stm32f3xx_hal_tim.o
 .comment       0x000000000000007b       0x7c Drivers/STM32F3xx_HAL_Driver/Src/stm32f3xx_hal_tim_ex.o
 .comment       0x000000000000007b       0x7c Drivers/STM32F3xx_HAL_Driver/Src/stm32f3xx_ll_gpio.o
 .comment       0x000000000000007b       0x7c Drivers/STM32F3xx_HAL_Driver/Src/stm32f3xx_ll_rcc.o
 .comment       0x000000000000007b       0x7c Drivers/STM32F3xx_HAL_Driver/Src/stm32f3xx_ll_usart.o
 .comment       0x000000000000007b       0x7c Drivers/STM32F3xx_HAL_Driver/Src/stm32f3xx_ll_utils.o

.debug_frame    0x0000000000000000     0x3b48
 .debug_frame   0x0000000000000000       0xec Core/Src/dma.o
 .debug_frame   0x00000000000000ec       0x54 Core/Src/gpio.o
 .debug_frame   0x0000000000000140      0x224 Core/Src/main.o
 .debug_frame   0x0000000000000364       0x38 Core/Src/stm32f3xx_hal_msp.o
 .debug_frame   0x000000000000039c      0x328 Core/Src/stm32f3xx_it.o
 .debug_frame   0x00000000000006c4       0x58 Core/Src/system_stm32f3xx.o
 .debug_frame   0x000000000000071c       0xc4 Core/Src/tim.o
 .debug_frame   0x00000000000007e0      0x53c Core/Src/usart.o
 .debug_frame   0x0000000000000d1c      0x334 Drivers/STM32F3xx_HAL_Driver/Src/stm32f3xx_hal.o
 .debug_frame   0x0000000000001050      0x428 Drivers/STM32F3xx_HAL_Driver/Src/stm32f3xx_hal_cortex.o
 .debug_frame   0x0000000000001478      0x14c Drivers/STM32F3xx_HAL_Driver/Src/stm32f3xx_hal_gpio.o
 .debug_frame   0x00000000000015c4     0x1190 Drivers/STM32F3xx_HAL_Driver/Src/stm32f3xx_hal_tim.o
 .debug_frame   0x0000000000002754      0x610 Drivers/STM32F3xx_HAL_Driver/Src/stm32f3xx_hal_tim_ex.o
 .debug_frame   0x0000000000002d64      0x1c0 Drivers/STM32F3xx_HAL_Driver/Src/stm32f3xx_ll_gpio.o
 .debug_frame   0x0000000000002f24      0x408 Drivers/STM32F3xx_HAL_Driver/Src/stm32f3xx_ll_rcc.o
 .debug_frame   0x000000000000332c      0x234 Drivers/STM32F3xx_HAL_Driver/Src/stm32f3xx_ll_usart.o
 .debug_frame   0x0000000000003560      0x3dc Drivers/STM32F3xx_HAL_Driver/Src/stm32f3xx_ll_utils.o
 .debug_frame   0x000000000000393c       0x30 c:/st/stm32cubeide_1.4.0/stm32cubeide/plugins/com.st.stm32cube.ide.mcu.externaltools.gnu-tools-for-stm32.7-2018-q2-update.win32_1.4.0.202007081208/tools/bin/../lib/gcc/arm-none-eabi/7.3.1/../../../../arm-none-eabi/lib/thumb/v7e-m/fpv4-sp/hard\libc_nano.a(lib_a-atoi.o)
 .debug_frame   0x000000000000396c       0x2c c:/st/stm32cubeide_1.4.0/stm32cubeide/plugins/com.st.stm32cube.ide.mcu.externaltools.gnu-tools-for-stm32.7-2018-q2-update.win32_1.4.0.202007081208/tools/bin/../lib/gcc/arm-none-eabi/7.3.1/../../../../arm-none-eabi/lib/thumb/v7e-m/fpv4-sp/hard\libc_nano.a(lib_a-init.o)
 .debug_frame   0x0000000000003998       0x20 c:/st/stm32cubeide_1.4.0/stm32cubeide/plugins/com.st.stm32cube.ide.mcu.externaltools.gnu-tools-for-stm32.7-2018-q2-update.win32_1.4.0.202007081208/tools/bin/../lib/gcc/arm-none-eabi/7.3.1/../../../../arm-none-eabi/lib/thumb/v7e-m/fpv4-sp/hard\libc_nano.a(lib_a-memset.o)
 .debug_frame   0x00000000000039b8       0x20 c:/st/stm32cubeide_1.4.0/stm32cubeide/plugins/com.st.stm32cube.ide.mcu.externaltools.gnu-tools-for-stm32.7-2018-q2-update.win32_1.4.0.202007081208/tools/bin/../lib/gcc/arm-none-eabi/7.3.1/../../../../arm-none-eabi/lib/thumb/v7e-m/fpv4-sp/hard\libc_nano.a(lib_a-strcmp.o)
 .debug_frame   0x00000000000039d8       0x84 c:/st/stm32cubeide_1.4.0/stm32cubeide/plugins/com.st.stm32cube.ide.mcu.externaltools.gnu-tools-for-stm32.7-2018-q2-update.win32_1.4.0.202007081208/tools/bin/../lib/gcc/arm-none-eabi/7.3.1/../../../../arm-none-eabi/lib/thumb/v7e-m/fpv4-sp/hard\libc_nano.a(lib_a-strtol.o)
 .debug_frame   0x0000000000003a5c       0x68 c:/st/stm32cubeide_1.4.0/stm32cubeide/plugins/com.st.stm32cube.ide.mcu.externaltools.gnu-tools-for-stm32.7-2018-q2-update.win32_1.4.0.202007081208/tools/bin/../lib/gcc/arm-none-eabi/7.3.1/../../../../arm-none-eabi/lib/thumb/v7e-m/fpv4-sp/hard\libc_nano.a(lib_a-locale.o)
 .debug_frame   0x0000000000003ac4       0x48 c:/st/stm32cubeide_1.4.0/stm32cubeide/plugins/com.st.stm32cube.ide.mcu.externaltools.gnu-tools-for-stm32.7-2018-q2-update.win32_1.4.0.202007081208/tools/bin/../lib/gcc/arm-none-eabi/7.3.1/../../../../arm-none-eabi/lib/thumb/v7e-m/fpv4-sp/hard\libc_nano.a(lib_a-mbtowc_r.o)
 .debug_frame   0x0000000000003b0c       0x3c c:/st/stm32cubeide_1.4.0/stm32cubeide/plugins/com.st.stm32cube.ide.mcu.externaltools.gnu-tools-for-stm32.7-2018-q2-update.win32_1.4.0.202007081208/tools/bin/../lib/gcc/arm-none-eabi/7.3.1/../../../../arm-none-eabi/lib/thumb/v7e-m/fpv4-sp/hard\libc_nano.a(lib_a-wctomb_r.o)
