stm32f3xx_ll_dma.h:509:22:LL_DMA_DisableChannel	16	static
stm32f3xx_ll_dma.h:1299:26:LL_DMA_IsActiveFlag_TC6	16	static
stm32f3xx_ll_dma.h:1310:26:LL_DMA_IsActiveFlag_TC7	16	static
stm32f3xx_ll_dma.h:1376:26:LL_DMA_IsActiveFlag_HT6	16	static
stm32f3xx_ll_dma.h:1607:22:LL_DMA_ClearFlag_TC6	16	static
stm32f3xx_ll_dma.h:1618:22:LL_DMA_ClearFlag_TC7	16	static
stm32f3xx_ll_dma.h:1684:22:LL_DMA_ClearFlag_HT6	16	static
stm32f3xx_ll_usart.h:2554:26:LL_USART_IsActiveFlag_IDLE	16	static
stm32f3xx_ll_usart.h:2576:26:LL_USART_IsActiveFlag_TC	16	static
stm32f3xx_ll_usart.h:2810:22:LL_USART_ClearFlag_IDLE	16	static
stm32f3xx_it.c:79:6:NMI_Handler	4	static
stm32f3xx_it.c:92:6:HardFault_Handler	4	static
stm32f3xx_it.c:107:6:MemManage_Handler	4	static
stm32f3xx_it.c:122:6:BusFault_Handler	4	static
stm32f3xx_it.c:137:6:UsageFault_Handler	4	static
stm32f3xx_it.c:152:6:SVC_Handler	4	static
stm32f3xx_it.c:165:6:DebugMon_Handler	4	static
stm32f3xx_it.c:178:6:PendSV_Handler	4	static
stm32f3xx_it.c:191:6:SysTick_Handler	8	static
stm32f3xx_it.c:212:6:DMA1_Channel6_IRQHandler	8	static
stm32f3xx_it.c:229:6:DMA1_Channel7_IRQHandler	8	static
stm32f3xx_it.c:243:6:USART2_IRQHandler	8	static
stm32f3xx_it.c:252:6:TIM2_IRQHandler	8	static
stm32f3xx_it.c:266:6:TIM3_IRQHandler	8	static
